Archive member included because of file (symbol)

/Applications/lpcxpresso_7.5.0_254/lpcxpresso/tools/bin/../lib/gcc/arm-none-eabi/4.8.4/../../../../arm-none-eabi/lib/armv6-m/libcr_c.a(memcpy.o)
                              ./src/RF22.o (memcpy)
/Applications/lpcxpresso_7.5.0_254/lpcxpresso/tools/bin/../lib/gcc/arm-none-eabi/4.8.4/../../../../arm-none-eabi/lib/armv6-m/libcr_c.a(__weak__main.o)
                              ./startup/cr_startup_lpc11.o (__main)
/Applications/lpcxpresso_7.5.0_254/lpcxpresso/tools/bin/../lib/gcc/arm-none-eabi/4.8.4/../../../../arm-none-eabi/lib/armv6-m/libcr_c.a(floor.o)
                              ./src/RF22.o (floor)
/Applications/lpcxpresso_7.5.0_254/lpcxpresso/tools/bin/../lib/gcc/arm-none-eabi/4.8.4/armv6-m/libcr_eabihelpers.a(division_32.o)
                              ./src/m0utils.o (__aeabi_idivmod)
/Applications/lpcxpresso_7.5.0_254/lpcxpresso/tools/bin/../lib/gcc/arm-none-eabi/4.8.4/armv6-m/libcr_eabihelpers.a(division_idiv0.o)
                              /Applications/lpcxpresso_7.5.0_254/lpcxpresso/tools/bin/../lib/gcc/arm-none-eabi/4.8.4/armv6-m/libcr_eabihelpers.a(division_32.o) (__aeabi_idiv0)
/Applications/lpcxpresso_7.5.0_254/lpcxpresso/tools/bin/../lib/gcc/arm-none-eabi/4.8.4/armv6-m/libcr_eabihelpers.a(double.o)
                              /Applications/lpcxpresso_7.5.0_254/lpcxpresso/tools/bin/../lib/gcc/arm-none-eabi/4.8.4/../../../../arm-none-eabi/lib/armv6-m/libcr_c.a(floor.o) (__aeabi_dsub)
/Applications/lpcxpresso_7.5.0_254/lpcxpresso/tools/bin/../lib/gcc/arm-none-eabi/4.8.4/armv6-m/libcr_eabihelpers.a(float.o)
                              ./src/RF22.o (__aeabi_fmul)
/Applications/lpcxpresso_7.5.0_254/lpcxpresso/tools/bin/../lib/gcc/arm-none-eabi/4.8.4/armv6-m/libcr_eabihelpers.a(llong.o)
                              /Applications/lpcxpresso_7.5.0_254/lpcxpresso/tools/bin/../lib/gcc/arm-none-eabi/4.8.4/armv6-m/libcr_eabihelpers.a(double.o) (__aeabi_lmul)
/Applications/lpcxpresso_7.5.0_254/lpcxpresso/tools/bin/../lib/gcc/arm-none-eabi/4.8.4/armv6-m/libcr_eabihelpers.a(memcpy.o)
                              /Applications/lpcxpresso_7.5.0_254/lpcxpresso/tools/bin/../lib/gcc/arm-none-eabi/4.8.4/../../../../arm-none-eabi/lib/armv6-m/libcr_c.a(memcpy.o) (__aeabi_memcpy)

Allocating common symbols
Common symbol       size              file

_bufLen             0x1               ./src/RF22.o
rxData              0x9               ./src/main.o
_lastRssi           0x1               ./src/RF22.o
_txGood             0x2               ./src/RF22.o
_txPacketSent       0x1               ./src/RF22.o
txData              0x9               ./src/main.o
_txBufSentIndex     0x1               ./src/RF22.o
_rxGood             0x2               ./src/RF22.o
timeLast1           0x4               ./src/trigInput.o
_rxBufValid         0x1               ./src/RF22.o
MsCount             0x4               ./src/main.o
timeLast2           0x4               ./src/trigInput.o
timeEdge1           0x4               ./src/trigInput.o
_rxBad              0x2               ./src/RF22.o
timeEdge2           0x4               ./src/trigInput.o

Discarded input sections

 .group         0x0000000000000000        0x8 ./startup/cr_startup_lpc11.o
 .group         0x0000000000000000        0x8 ./startup/cr_startup_lpc11.o
 .group         0x0000000000000000        0x8 ./startup/cr_startup_lpc11.o
 .group         0x0000000000000000        0x8 ./startup/cr_startup_lpc11.o
 .group         0x0000000000000000        0x8 ./startup/cr_startup_lpc11.o
 .text          0x0000000000000000        0x0 ./startup/cr_startup_lpc11.o
 .data          0x0000000000000000        0x0 ./startup/cr_startup_lpc11.o
 .bss           0x0000000000000000        0x0 ./startup/cr_startup_lpc11.o
 .text.SysTick_Handler
                0x0000000000000000        0x8 ./startup/cr_startup_lpc11.o
 .group         0x0000000000000000        0x8 ./src/RF22.o
 .group         0x0000000000000000        0x8 ./src/RF22.o
 .group         0x0000000000000000        0x8 ./src/RF22.o
 .group         0x0000000000000000        0x8 ./src/RF22.o
 .group         0x0000000000000000        0x8 ./src/RF22.o
 .group         0x0000000000000000        0x8 ./src/RF22.o
 .group         0x0000000000000000        0x8 ./src/RF22.o
 .group         0x0000000000000000        0x8 ./src/RF22.o
 .group         0x0000000000000000        0x8 ./src/RF22.o
 .group         0x0000000000000000        0x8 ./src/RF22.o
 .group         0x0000000000000000        0x8 ./src/RF22.o
 .group         0x0000000000000000        0x8 ./src/RF22.o
 .group         0x0000000000000000        0x8 ./src/RF22.o
 .group         0x0000000000000000        0x8 ./src/RF22.o
 .group         0x0000000000000000        0x8 ./src/RF22.o
 .group         0x0000000000000000        0x8 ./src/RF22.o
 .text          0x0000000000000000        0x0 ./src/RF22.o
 .data          0x0000000000000000        0x0 ./src/RF22.o
 .bss           0x0000000000000000        0x0 ./src/RF22.o
 .rodata.LPC_GPIO
                0x0000000000000000       0x10 ./src/RF22.o
 .bss._buf      0x0000000000000000      0x100 ./src/RF22.o
 .text.PININT0_IRQHandler
                0x0000000000000000      0x18c ./src/RF22.o
 .text.spiBurstRead
                0x0000000000000000       0x58 ./src/RF22.o
 .text.adcRead  0x0000000000000000       0x88 ./src/RF22.o
 .text.wutRead  0x0000000000000000       0x2c ./src/RF22.o
 .text.setWutPeriod
                0x0000000000000000       0x68 ./src/RF22.o
 .text.setFHStepSize
                0x0000000000000000       0x34 ./src/RF22.o
 .text.setFHChannel
                0x0000000000000000       0x34 ./src/RF22.o
 .text.rssiRead
                0x0000000000000000       0x14 ./src/RF22.o
 .text.ezmacStatusRead
                0x0000000000000000       0x14 ./src/RF22.o
 .text.setMode  0x0000000000000000       0x20 ./src/RF22.o
 .text.setModeIdle
                0x0000000000000000       0x28 ./src/RF22.o
 .text.setModeRx
                0x0000000000000000       0x30 ./src/RF22.o
 .text.setModeTx
                0x0000000000000000       0x30 ./src/RF22.o
 .text.available
                0x0000000000000000       0x18 ./src/RF22.o
 .text.waitAvailable
                0x0000000000000000       0x14 ./src/RF22.o
 .text.waitAvailableTimeout
                0x0000000000000000       0x40 ./src/RF22.o
 .text.waitPacketSent
                0x0000000000000000       0x18 ./src/RF22.o
 .text.recv     0x0000000000000000       0x58 ./src/RF22.o
 .text.startTransmit
                0x0000000000000000       0x24 ./src/RF22.o
 .text.restartTransmit
                0x0000000000000000       0x2c ./src/RF22.o
 .text.send     0x0000000000000000       0x30 ./src/RF22.o
 .text.fillTxBuf
                0x0000000000000000       0x2c ./src/RF22.o
 .text.appendTxBuf
                0x0000000000000000       0x64 ./src/RF22.o
 .text.sendNextFragment
                0x0000000000000000       0x74 ./src/RF22.o
 .text.readNextFragment
                0x0000000000000000       0x44 ./src/RF22.o
 .text.resetFifos
                0x0000000000000000       0x18 ./src/RF22.o
 .text.resetRxFifo
                0x0000000000000000       0x18 ./src/RF22.o
 .text.resetTxFifo
                0x0000000000000000       0x18 ./src/RF22.o
 .text.handleExternalInterrupt
                0x0000000000000000        0x8 ./src/RF22.o
 .text.handleWakeupTimerInterrupt
                0x0000000000000000        0x8 ./src/RF22.o
 .text.headerTo
                0x0000000000000000       0x14 ./src/RF22.o
 .text.headerFrom
                0x0000000000000000       0x14 ./src/RF22.o
 .text.headerId
                0x0000000000000000       0x14 ./src/RF22.o
 .text.headerFlags
                0x0000000000000000       0x14 ./src/RF22.o
 .text.lastRssi
                0x0000000000000000       0x14 ./src/RF22.o
 .debug_macro   0x0000000000000000      0x81a ./src/RF22.o
 .debug_macro   0x0000000000000000       0x10 ./src/RF22.o
 .debug_macro   0x0000000000000000      0x12d ./src/RF22.o
 .debug_macro   0x0000000000000000      0x5b2 ./src/RF22.o
 .group         0x0000000000000000        0x8 ./src/led.o
 .group         0x0000000000000000        0x8 ./src/led.o
 .group         0x0000000000000000        0x8 ./src/led.o
 .group         0x0000000000000000        0x8 ./src/led.o
 .group         0x0000000000000000        0x8 ./src/led.o
 .group         0x0000000000000000        0x8 ./src/led.o
 .text          0x0000000000000000        0x0 ./src/led.o
 .data          0x0000000000000000        0x0 ./src/led.o
 .bss           0x0000000000000000        0x0 ./src/led.o
 .text.ledOn    0x0000000000000000       0x14 ./src/led.o
 .text.ledOff   0x0000000000000000       0x14 ./src/led.o
 .debug_macro   0x0000000000000000      0x81a ./src/led.o
 .debug_macro   0x0000000000000000       0x9a ./src/led.o
 .debug_macro   0x0000000000000000       0x10 ./src/led.o
 .debug_macro   0x0000000000000000       0x10 ./src/led.o
 .group         0x0000000000000000        0x8 ./src/m0utils.o
 .text          0x0000000000000000        0x0 ./src/m0utils.o
 .data          0x0000000000000000        0x0 ./src/m0utils.o
 .bss           0x0000000000000000        0x0 ./src/m0utils.o
 .text.randomn  0x0000000000000000       0x24 ./src/m0utils.o
 .text.random   0x0000000000000000       0x34 ./src/m0utils.o
 .debug_macro   0x0000000000000000      0x81a ./src/m0utils.o
 .group         0x0000000000000000        0x8 ./src/main.o
 .group         0x0000000000000000        0x8 ./src/main.o
 .group         0x0000000000000000        0x8 ./src/main.o
 .group         0x0000000000000000        0x8 ./src/main.o
 .group         0x0000000000000000        0x8 ./src/main.o
 .group         0x0000000000000000        0x8 ./src/main.o
 .group         0x0000000000000000        0x8 ./src/main.o
 .group         0x0000000000000000        0x8 ./src/main.o
 .group         0x0000000000000000        0x8 ./src/main.o
 .group         0x0000000000000000        0x8 ./src/main.o
 .group         0x0000000000000000        0x8 ./src/main.o
 .group         0x0000000000000000        0x8 ./src/main.o
 .group         0x0000000000000000        0x8 ./src/main.o
 .group         0x0000000000000000        0x8 ./src/main.o
 .group         0x0000000000000000        0x8 ./src/main.o
 .group         0x0000000000000000        0x8 ./src/main.o
 .group         0x0000000000000000        0x8 ./src/main.o
 .group         0x0000000000000000        0x8 ./src/main.o
 .group         0x0000000000000000        0x8 ./src/main.o
 .group         0x0000000000000000        0x8 ./src/main.o
 .group         0x0000000000000000        0x8 ./src/main.o
 .text          0x0000000000000000        0x0 ./src/main.o
 .data          0x0000000000000000        0x0 ./src/main.o
 .bss           0x0000000000000000        0x0 ./src/main.o
 .rodata.LPC_GPIO
                0x0000000000000000       0x10 ./src/main.o
 .bss.MY_ID     0x0000000000000000        0x1 ./src/main.o
 .text.readHwId
                0x0000000000000000        0x8 ./src/main.o
 .text.waitForAck
                0x0000000000000000       0x80 ./src/main.o
 .debug_macro   0x0000000000000000      0x81a ./src/main.o
 .debug_macro   0x0000000000000000       0x1c ./src/main.o
 .debug_macro   0x0000000000000000       0x22 ./src/main.o
 .debug_macro   0x0000000000000000       0x10 ./src/main.o
 .debug_macro   0x0000000000000000      0x12d ./src/main.o
 .debug_macro   0x0000000000000000      0x5b2 ./src/main.o
 .debug_macro   0x0000000000000000      0x37a ./src/main.o
 .debug_macro   0x0000000000000000       0x8d ./src/main.o
 .debug_macro   0x0000000000000000      0x123 ./src/main.o
 .debug_macro   0x0000000000000000       0x22 ./src/main.o
 .debug_macro   0x0000000000000000       0xc4 ./src/main.o
 .debug_macro   0x0000000000000000       0x10 ./src/main.o
 .debug_macro   0x0000000000000000       0x22 ./src/main.o
 .debug_macro   0x0000000000000000       0xe8 ./src/main.o
 .debug_macro   0x0000000000000000       0x9a ./src/main.o
 .group         0x0000000000000000        0x8 ./src/spi.o
 .group         0x0000000000000000        0x8 ./src/spi.o
 .group         0x0000000000000000        0x8 ./src/spi.o
 .group         0x0000000000000000        0x8 ./src/spi.o
 .group         0x0000000000000000        0x8 ./src/spi.o
 .group         0x0000000000000000        0x8 ./src/spi.o
 .group         0x0000000000000000        0x8 ./src/spi.o
 .group         0x0000000000000000        0x8 ./src/spi.o
 .group         0x0000000000000000        0x8 ./src/spi.o
 .group         0x0000000000000000        0x8 ./src/spi.o
 .group         0x0000000000000000        0x8 ./src/spi.o
 .text          0x0000000000000000        0x0 ./src/spi.o
 .data          0x0000000000000000        0x0 ./src/spi.o
 .bss           0x0000000000000000        0x0 ./src/spi.o
 .debug_macro   0x0000000000000000      0x81a ./src/spi.o
 .debug_macro   0x0000000000000000       0x1c ./src/spi.o
 .debug_macro   0x0000000000000000       0x22 ./src/spi.o
 .debug_macro   0x0000000000000000       0x10 ./src/spi.o
 .debug_macro   0x0000000000000000      0x12d ./src/spi.o
 .debug_macro   0x0000000000000000      0x5b2 ./src/spi.o
 .debug_macro   0x0000000000000000      0x37a ./src/spi.o
 .debug_macro   0x0000000000000000       0x8d ./src/spi.o
 .debug_macro   0x0000000000000000      0x123 ./src/spi.o
 .debug_macro   0x0000000000000000       0x22 ./src/spi.o
 .debug_macro   0x0000000000000000       0xe8 ./src/spi.o
 .group         0x0000000000000000        0x8 ./src/trigInput.o
 .group         0x0000000000000000        0x8 ./src/trigInput.o
 .group         0x0000000000000000        0x8 ./src/trigInput.o
 .group         0x0000000000000000        0x8 ./src/trigInput.o
 .group         0x0000000000000000        0x8 ./src/trigInput.o
 .group         0x0000000000000000        0x8 ./src/trigInput.o
 .group         0x0000000000000000        0x8 ./src/trigInput.o
 .group         0x0000000000000000        0x8 ./src/trigInput.o
 .group         0x0000000000000000        0x8 ./src/trigInput.o
 .group         0x0000000000000000        0x8 ./src/trigInput.o
 .group         0x0000000000000000        0x8 ./src/trigInput.o
 .group         0x0000000000000000        0x8 ./src/trigInput.o
 .group         0x0000000000000000        0x8 ./src/trigInput.o
 .group         0x0000000000000000        0x8 ./src/trigInput.o
 .group         0x0000000000000000        0x8 ./src/trigInput.o
 .text          0x0000000000000000        0x0 ./src/trigInput.o
 .data          0x0000000000000000        0x0 ./src/trigInput.o
 .bss           0x0000000000000000        0x0 ./src/trigInput.o
 .rodata.LPC_GPIO
                0x0000000000000000       0x10 ./src/trigInput.o
 .debug_macro   0x0000000000000000      0x81a ./src/trigInput.o
 .debug_macro   0x0000000000000000       0x1c ./src/trigInput.o
 .debug_macro   0x0000000000000000       0x22 ./src/trigInput.o
 .debug_macro   0x0000000000000000       0x10 ./src/trigInput.o
 .debug_macro   0x0000000000000000      0x12d ./src/trigInput.o
 .debug_macro   0x0000000000000000      0x5b2 ./src/trigInput.o
 .debug_macro   0x0000000000000000      0x37a ./src/trigInput.o
 .debug_macro   0x0000000000000000       0x8d ./src/trigInput.o
 .debug_macro   0x0000000000000000      0x123 ./src/trigInput.o
 .debug_macro   0x0000000000000000       0x22 ./src/trigInput.o
 .debug_macro   0x0000000000000000       0x1c ./src/trigInput.o
 .debug_macro   0x0000000000000000       0xc4 ./src/trigInput.o
 .debug_macro   0x0000000000000000       0x10 ./src/trigInput.o
 .debug_macro   0x0000000000000000       0x9a ./src/trigInput.o
 .debug_macro   0x0000000000000000       0x22 ./src/trigInput.o
 .group         0x0000000000000000        0x8 ./driver/adc.o
 .group         0x0000000000000000        0x8 ./driver/adc.o
 .group         0x0000000000000000        0x8 ./driver/adc.o
 .group         0x0000000000000000        0x8 ./driver/adc.o
 .group         0x0000000000000000        0x8 ./driver/adc.o
 .group         0x0000000000000000        0x8 ./driver/adc.o
 .group         0x0000000000000000        0x8 ./driver/adc.o
 .group         0x0000000000000000        0x8 ./driver/adc.o
 .group         0x0000000000000000        0x8 ./driver/adc.o
 .group         0x0000000000000000        0x8 ./driver/adc.o
 .text          0x0000000000000000        0x0 ./driver/adc.o
 .data          0x0000000000000000        0x0 ./driver/adc.o
 .bss           0x0000000000000000        0x0 ./driver/adc.o
 .debug_info    0x0000000000000000       0x6f ./driver/adc.o
 .debug_abbrev  0x0000000000000000       0x29 ./driver/adc.o
 .debug_aranges
                0x0000000000000000       0x18 ./driver/adc.o
 .debug_macro   0x0000000000000000       0x70 ./driver/adc.o
 .debug_macro   0x0000000000000000      0x81a ./driver/adc.o
 .debug_macro   0x0000000000000000       0x1c ./driver/adc.o
 .debug_macro   0x0000000000000000       0x22 ./driver/adc.o
 .debug_macro   0x0000000000000000       0x10 ./driver/adc.o
 .debug_macro   0x0000000000000000      0x12d ./driver/adc.o
 .debug_macro   0x0000000000000000      0x5b2 ./driver/adc.o
 .debug_macro   0x0000000000000000      0x37a ./driver/adc.o
 .debug_macro   0x0000000000000000       0x8d ./driver/adc.o
 .debug_macro   0x0000000000000000      0x123 ./driver/adc.o
 .debug_macro   0x0000000000000000       0x22 ./driver/adc.o
 .debug_line    0x0000000000000000      0x151 ./driver/adc.o
 .debug_str     0x0000000000000000     0x59a3 ./driver/adc.o
 .comment       0x0000000000000000       0x71 ./driver/adc.o
 .ARM.attributes
                0x0000000000000000       0x31 ./driver/adc.o
 .group         0x0000000000000000        0x8 ./driver/can.o
 .group         0x0000000000000000        0x8 ./driver/can.o
 .group         0x0000000000000000        0x8 ./driver/can.o
 .group         0x0000000000000000        0x8 ./driver/can.o
 .group         0x0000000000000000        0x8 ./driver/can.o
 .group         0x0000000000000000        0x8 ./driver/can.o
 .group         0x0000000000000000        0x8 ./driver/can.o
 .group         0x0000000000000000        0x8 ./driver/can.o
 .group         0x0000000000000000        0x8 ./driver/can.o
 .group         0x0000000000000000        0x8 ./driver/can.o
 .text          0x0000000000000000        0x0 ./driver/can.o
 .data          0x0000000000000000        0x0 ./driver/can.o
 .bss           0x0000000000000000        0x0 ./driver/can.o
 .debug_info    0x0000000000000000       0x6f ./driver/can.o
 .debug_abbrev  0x0000000000000000       0x29 ./driver/can.o
 .debug_aranges
                0x0000000000000000       0x18 ./driver/can.o
 .debug_macro   0x0000000000000000       0x70 ./driver/can.o
 .debug_macro   0x0000000000000000      0x81a ./driver/can.o
 .debug_macro   0x0000000000000000       0x1c ./driver/can.o
 .debug_macro   0x0000000000000000       0x22 ./driver/can.o
 .debug_macro   0x0000000000000000       0x10 ./driver/can.o
 .debug_macro   0x0000000000000000      0x12d ./driver/can.o
 .debug_macro   0x0000000000000000      0x5b2 ./driver/can.o
 .debug_macro   0x0000000000000000      0x37a ./driver/can.o
 .debug_macro   0x0000000000000000       0x8d ./driver/can.o
 .debug_macro   0x0000000000000000      0x123 ./driver/can.o
 .debug_macro   0x0000000000000000       0x22 ./driver/can.o
 .debug_line    0x0000000000000000      0x151 ./driver/can.o
 .debug_str     0x0000000000000000     0x59a3 ./driver/can.o
 .comment       0x0000000000000000       0x71 ./driver/can.o
 .ARM.attributes
                0x0000000000000000       0x31 ./driver/can.o
 .group         0x0000000000000000        0x8 ./driver/clkconfig.o
 .group         0x0000000000000000        0x8 ./driver/clkconfig.o
 .group         0x0000000000000000        0x8 ./driver/clkconfig.o
 .group         0x0000000000000000        0x8 ./driver/clkconfig.o
 .group         0x0000000000000000        0x8 ./driver/clkconfig.o
 .group         0x0000000000000000        0x8 ./driver/clkconfig.o
 .group         0x0000000000000000        0x8 ./driver/clkconfig.o
 .group         0x0000000000000000        0x8 ./driver/clkconfig.o
 .group         0x0000000000000000        0x8 ./driver/clkconfig.o
 .group         0x0000000000000000        0x8 ./driver/clkconfig.o
 .text          0x0000000000000000        0x0 ./driver/clkconfig.o
 .data          0x0000000000000000        0x0 ./driver/clkconfig.o
 .bss           0x0000000000000000        0x0 ./driver/clkconfig.o
 .debug_info    0x0000000000000000       0x6f ./driver/clkconfig.o
 .debug_abbrev  0x0000000000000000       0x29 ./driver/clkconfig.o
 .debug_aranges
                0x0000000000000000       0x18 ./driver/clkconfig.o
 .debug_macro   0x0000000000000000       0x70 ./driver/clkconfig.o
 .debug_macro   0x0000000000000000      0x81a ./driver/clkconfig.o
 .debug_macro   0x0000000000000000       0x1c ./driver/clkconfig.o
 .debug_macro   0x0000000000000000       0x22 ./driver/clkconfig.o
 .debug_macro   0x0000000000000000       0x10 ./driver/clkconfig.o
 .debug_macro   0x0000000000000000      0x12d ./driver/clkconfig.o
 .debug_macro   0x0000000000000000      0x5b2 ./driver/clkconfig.o
 .debug_macro   0x0000000000000000      0x37a ./driver/clkconfig.o
 .debug_macro   0x0000000000000000       0x8d ./driver/clkconfig.o
 .debug_macro   0x0000000000000000      0x123 ./driver/clkconfig.o
 .debug_macro   0x0000000000000000       0x22 ./driver/clkconfig.o
 .debug_line    0x0000000000000000      0x157 ./driver/clkconfig.o
 .debug_str     0x0000000000000000     0x59a9 ./driver/clkconfig.o
 .comment       0x0000000000000000       0x71 ./driver/clkconfig.o
 .ARM.attributes
                0x0000000000000000       0x31 ./driver/clkconfig.o
 .group         0x0000000000000000        0x8 ./driver/crp.o
 .group         0x0000000000000000        0x8 ./driver/crp.o
 .group         0x0000000000000000        0x8 ./driver/crp.o
 .group         0x0000000000000000        0x8 ./driver/crp.o
 .group         0x0000000000000000        0x8 ./driver/crp.o
 .group         0x0000000000000000        0x8 ./driver/crp.o
 .group         0x0000000000000000        0x8 ./driver/crp.o
 .group         0x0000000000000000        0x8 ./driver/crp.o
 .group         0x0000000000000000        0x8 ./driver/crp.o
 .group         0x0000000000000000        0x8 ./driver/crp.o
 .group         0x0000000000000000        0x8 ./driver/crp.o
 .group         0x0000000000000000        0x8 ./driver/crp.o
 .text          0x0000000000000000        0x0 ./driver/crp.o
 .data          0x0000000000000000        0x0 ./driver/crp.o
 .bss           0x0000000000000000        0x0 ./driver/crp.o
 .debug_macro   0x0000000000000000      0x81a ./driver/crp.o
 .debug_macro   0x0000000000000000       0x1c ./driver/crp.o
 .debug_macro   0x0000000000000000       0x22 ./driver/crp.o
 .debug_macro   0x0000000000000000       0x10 ./driver/crp.o
 .debug_macro   0x0000000000000000      0x12d ./driver/crp.o
 .debug_macro   0x0000000000000000      0x5b2 ./driver/crp.o
 .debug_macro   0x0000000000000000      0x37a ./driver/crp.o
 .debug_macro   0x0000000000000000       0x8d ./driver/crp.o
 .debug_macro   0x0000000000000000      0x123 ./driver/crp.o
 .debug_macro   0x0000000000000000       0x22 ./driver/crp.o
 .group         0x0000000000000000        0x8 ./driver/debug_printf.o
 .group         0x0000000000000000        0x8 ./driver/debug_printf.o
 .group         0x0000000000000000        0x8 ./driver/debug_printf.o
 .group         0x0000000000000000        0x8 ./driver/debug_printf.o
 .group         0x0000000000000000        0x8 ./driver/debug_printf.o
 .group         0x0000000000000000        0x8 ./driver/debug_printf.o
 .group         0x0000000000000000        0x8 ./driver/debug_printf.o
 .group         0x0000000000000000        0x8 ./driver/debug_printf.o
 .group         0x0000000000000000        0x8 ./driver/debug_printf.o
 .group         0x0000000000000000        0x8 ./driver/debug_printf.o
 .text          0x0000000000000000        0x0 ./driver/debug_printf.o
 .data          0x0000000000000000        0x0 ./driver/debug_printf.o
 .bss           0x0000000000000000        0x0 ./driver/debug_printf.o
 .debug_info    0x0000000000000000       0x6f ./driver/debug_printf.o
 .debug_abbrev  0x0000000000000000       0x29 ./driver/debug_printf.o
 .debug_aranges
                0x0000000000000000       0x18 ./driver/debug_printf.o
 .debug_macro   0x0000000000000000       0x70 ./driver/debug_printf.o
 .debug_macro   0x0000000000000000      0x81a ./driver/debug_printf.o
 .debug_macro   0x0000000000000000       0x1c ./driver/debug_printf.o
 .debug_macro   0x0000000000000000       0x22 ./driver/debug_printf.o
 .debug_macro   0x0000000000000000       0x10 ./driver/debug_printf.o
 .debug_macro   0x0000000000000000      0x12d ./driver/debug_printf.o
 .debug_macro   0x0000000000000000      0x5b2 ./driver/debug_printf.o
 .debug_macro   0x0000000000000000      0x37a ./driver/debug_printf.o
 .debug_macro   0x0000000000000000       0x8d ./driver/debug_printf.o
 .debug_macro   0x0000000000000000      0x123 ./driver/debug_printf.o
 .debug_macro   0x0000000000000000       0x22 ./driver/debug_printf.o
 .debug_line    0x0000000000000000      0x15a ./driver/debug_printf.o
 .debug_str     0x0000000000000000     0x59ac ./driver/debug_printf.o
 .comment       0x0000000000000000       0x71 ./driver/debug_printf.o
 .ARM.attributes
                0x0000000000000000       0x31 ./driver/debug_printf.o
 .group         0x0000000000000000        0x8 ./driver/gpio.o
 .group         0x0000000000000000        0x8 ./driver/gpio.o
 .group         0x0000000000000000        0x8 ./driver/gpio.o
 .group         0x0000000000000000        0x8 ./driver/gpio.o
 .group         0x0000000000000000        0x8 ./driver/gpio.o
 .group         0x0000000000000000        0x8 ./driver/gpio.o
 .group         0x0000000000000000        0x8 ./driver/gpio.o
 .group         0x0000000000000000        0x8 ./driver/gpio.o
 .group         0x0000000000000000        0x8 ./driver/gpio.o
 .group         0x0000000000000000        0x8 ./driver/gpio.o
 .group         0x0000000000000000        0x8 ./driver/gpio.o
 .text          0x0000000000000000        0x0 ./driver/gpio.o
 .data          0x0000000000000000        0x0 ./driver/gpio.o
 .bss           0x0000000000000000        0x0 ./driver/gpio.o
 .text.GPIOIntStatus
                0x0000000000000000       0xac ./driver/gpio.o
 .debug_macro   0x0000000000000000      0x81a ./driver/gpio.o
 .debug_macro   0x0000000000000000       0x1c ./driver/gpio.o
 .debug_macro   0x0000000000000000       0x22 ./driver/gpio.o
 .debug_macro   0x0000000000000000       0x10 ./driver/gpio.o
 .debug_macro   0x0000000000000000      0x12d ./driver/gpio.o
 .debug_macro   0x0000000000000000      0x5b2 ./driver/gpio.o
 .debug_macro   0x0000000000000000      0x37a ./driver/gpio.o
 .debug_macro   0x0000000000000000       0x8d ./driver/gpio.o
 .debug_macro   0x0000000000000000      0x123 ./driver/gpio.o
 .debug_macro   0x0000000000000000       0x22 ./driver/gpio.o
 .debug_macro   0x0000000000000000       0x22 ./driver/gpio.o
 .group         0x0000000000000000        0x8 ./driver/i2c.o
 .group         0x0000000000000000        0x8 ./driver/i2c.o
 .group         0x0000000000000000        0x8 ./driver/i2c.o
 .group         0x0000000000000000        0x8 ./driver/i2c.o
 .group         0x0000000000000000        0x8 ./driver/i2c.o
 .group         0x0000000000000000        0x8 ./driver/i2c.o
 .group         0x0000000000000000        0x8 ./driver/i2c.o
 .group         0x0000000000000000        0x8 ./driver/i2c.o
 .group         0x0000000000000000        0x8 ./driver/i2c.o
 .group         0x0000000000000000        0x8 ./driver/i2c.o
 .text          0x0000000000000000        0x0 ./driver/i2c.o
 .data          0x0000000000000000        0x0 ./driver/i2c.o
 .bss           0x0000000000000000        0x0 ./driver/i2c.o
 .debug_info    0x0000000000000000       0x6f ./driver/i2c.o
 .debug_abbrev  0x0000000000000000       0x29 ./driver/i2c.o
 .debug_aranges
                0x0000000000000000       0x18 ./driver/i2c.o
 .debug_macro   0x0000000000000000       0x70 ./driver/i2c.o
 .debug_macro   0x0000000000000000      0x81a ./driver/i2c.o
 .debug_macro   0x0000000000000000       0x1c ./driver/i2c.o
 .debug_macro   0x0000000000000000       0x22 ./driver/i2c.o
 .debug_macro   0x0000000000000000       0x10 ./driver/i2c.o
 .debug_macro   0x0000000000000000      0x12d ./driver/i2c.o
 .debug_macro   0x0000000000000000      0x5b2 ./driver/i2c.o
 .debug_macro   0x0000000000000000      0x37a ./driver/i2c.o
 .debug_macro   0x0000000000000000       0x8d ./driver/i2c.o
 .debug_macro   0x0000000000000000      0x123 ./driver/i2c.o
 .debug_macro   0x0000000000000000       0x22 ./driver/i2c.o
 .debug_line    0x0000000000000000      0x151 ./driver/i2c.o
 .debug_str     0x0000000000000000     0x59a3 ./driver/i2c.o
 .comment       0x0000000000000000       0x71 ./driver/i2c.o
 .ARM.attributes
                0x0000000000000000       0x31 ./driver/i2c.o
 .group         0x0000000000000000        0x8 ./driver/i2cslave.o
 .group         0x0000000000000000        0x8 ./driver/i2cslave.o
 .group         0x0000000000000000        0x8 ./driver/i2cslave.o
 .group         0x0000000000000000        0x8 ./driver/i2cslave.o
 .group         0x0000000000000000        0x8 ./driver/i2cslave.o
 .group         0x0000000000000000        0x8 ./driver/i2cslave.o
 .group         0x0000000000000000        0x8 ./driver/i2cslave.o
 .group         0x0000000000000000        0x8 ./driver/i2cslave.o
 .group         0x0000000000000000        0x8 ./driver/i2cslave.o
 .group         0x0000000000000000        0x8 ./driver/i2cslave.o
 .text          0x0000000000000000        0x0 ./driver/i2cslave.o
 .data          0x0000000000000000        0x0 ./driver/i2cslave.o
 .bss           0x0000000000000000        0x0 ./driver/i2cslave.o
 .debug_info    0x0000000000000000       0x6f ./driver/i2cslave.o
 .debug_abbrev  0x0000000000000000       0x29 ./driver/i2cslave.o
 .debug_aranges
                0x0000000000000000       0x18 ./driver/i2cslave.o
 .debug_macro   0x0000000000000000       0x70 ./driver/i2cslave.o
 .debug_macro   0x0000000000000000      0x81a ./driver/i2cslave.o
 .debug_macro   0x0000000000000000       0x1c ./driver/i2cslave.o
 .debug_macro   0x0000000000000000       0x22 ./driver/i2cslave.o
 .debug_macro   0x0000000000000000       0x10 ./driver/i2cslave.o
 .debug_macro   0x0000000000000000      0x12d ./driver/i2cslave.o
 .debug_macro   0x0000000000000000      0x5b2 ./driver/i2cslave.o
 .debug_macro   0x0000000000000000      0x37a ./driver/i2cslave.o
 .debug_macro   0x0000000000000000       0x8d ./driver/i2cslave.o
 .debug_macro   0x0000000000000000      0x123 ./driver/i2cslave.o
 .debug_macro   0x0000000000000000       0x22 ./driver/i2cslave.o
 .debug_line    0x0000000000000000      0x156 ./driver/i2cslave.o
 .debug_str     0x0000000000000000     0x59a8 ./driver/i2cslave.o
 .comment       0x0000000000000000       0x71 ./driver/i2cslave.o
 .ARM.attributes
                0x0000000000000000       0x31 ./driver/i2cslave.o
 .group         0x0000000000000000        0x8 ./driver/lpc_swu.o
 .group         0x0000000000000000        0x8 ./driver/lpc_swu.o
 .group         0x0000000000000000        0x8 ./driver/lpc_swu.o
 .group         0x0000000000000000        0x8 ./driver/lpc_swu.o
 .group         0x0000000000000000        0x8 ./driver/lpc_swu.o
 .group         0x0000000000000000        0x8 ./driver/lpc_swu.o
 .group         0x0000000000000000        0x8 ./driver/lpc_swu.o
 .group         0x0000000000000000        0x8 ./driver/lpc_swu.o
 .group         0x0000000000000000        0x8 ./driver/lpc_swu.o
 .group         0x0000000000000000        0x8 ./driver/lpc_swu.o
 .text          0x0000000000000000        0x0 ./driver/lpc_swu.o
 .data          0x0000000000000000        0x0 ./driver/lpc_swu.o
 .bss           0x0000000000000000        0x0 ./driver/lpc_swu.o
 .debug_info    0x0000000000000000       0x6f ./driver/lpc_swu.o
 .debug_abbrev  0x0000000000000000       0x29 ./driver/lpc_swu.o
 .debug_aranges
                0x0000000000000000       0x18 ./driver/lpc_swu.o
 .debug_macro   0x0000000000000000       0x70 ./driver/lpc_swu.o
 .debug_macro   0x0000000000000000      0x81a ./driver/lpc_swu.o
 .debug_macro   0x0000000000000000       0x1c ./driver/lpc_swu.o
 .debug_macro   0x0000000000000000       0x22 ./driver/lpc_swu.o
 .debug_macro   0x0000000000000000       0x10 ./driver/lpc_swu.o
 .debug_macro   0x0000000000000000      0x12d ./driver/lpc_swu.o
 .debug_macro   0x0000000000000000      0x5b2 ./driver/lpc_swu.o
 .debug_macro   0x0000000000000000      0x37a ./driver/lpc_swu.o
 .debug_macro   0x0000000000000000       0x8d ./driver/lpc_swu.o
 .debug_macro   0x0000000000000000      0x123 ./driver/lpc_swu.o
 .debug_macro   0x0000000000000000       0x22 ./driver/lpc_swu.o
 .debug_line    0x0000000000000000      0x155 ./driver/lpc_swu.o
 .debug_str     0x0000000000000000     0x59a7 ./driver/lpc_swu.o
 .comment       0x0000000000000000       0x71 ./driver/lpc_swu.o
 .ARM.attributes
                0x0000000000000000       0x31 ./driver/lpc_swu.o
 .group         0x0000000000000000        0x8 ./driver/rs485.o
 .group         0x0000000000000000        0x8 ./driver/rs485.o
 .group         0x0000000000000000        0x8 ./driver/rs485.o
 .group         0x0000000000000000        0x8 ./driver/rs485.o
 .group         0x0000000000000000        0x8 ./driver/rs485.o
 .group         0x0000000000000000        0x8 ./driver/rs485.o
 .group         0x0000000000000000        0x8 ./driver/rs485.o
 .group         0x0000000000000000        0x8 ./driver/rs485.o
 .group         0x0000000000000000        0x8 ./driver/rs485.o
 .group         0x0000000000000000        0x8 ./driver/rs485.o
 .text          0x0000000000000000        0x0 ./driver/rs485.o
 .data          0x0000000000000000        0x0 ./driver/rs485.o
 .bss           0x0000000000000000        0x0 ./driver/rs485.o
 .debug_info    0x0000000000000000       0x6f ./driver/rs485.o
 .debug_abbrev  0x0000000000000000       0x29 ./driver/rs485.o
 .debug_aranges
                0x0000000000000000       0x18 ./driver/rs485.o
 .debug_macro   0x0000000000000000       0x70 ./driver/rs485.o
 .debug_macro   0x0000000000000000      0x81a ./driver/rs485.o
 .debug_macro   0x0000000000000000       0x1c ./driver/rs485.o
 .debug_macro   0x0000000000000000       0x22 ./driver/rs485.o
 .debug_macro   0x0000000000000000       0x10 ./driver/rs485.o
 .debug_macro   0x0000000000000000      0x12d ./driver/rs485.o
 .debug_macro   0x0000000000000000      0x5b2 ./driver/rs485.o
 .debug_macro   0x0000000000000000      0x37a ./driver/rs485.o
 .debug_macro   0x0000000000000000       0x8d ./driver/rs485.o
 .debug_macro   0x0000000000000000      0x123 ./driver/rs485.o
 .debug_macro   0x0000000000000000       0x22 ./driver/rs485.o
 .debug_line    0x0000000000000000      0x153 ./driver/rs485.o
 .debug_str     0x0000000000000000     0x59a5 ./driver/rs485.o
 .comment       0x0000000000000000       0x71 ./driver/rs485.o
 .ARM.attributes
                0x0000000000000000       0x31 ./driver/rs485.o
 .group         0x0000000000000000        0x8 ./driver/small_gpio.o
 .group         0x0000000000000000        0x8 ./driver/small_gpio.o
 .group         0x0000000000000000        0x8 ./driver/small_gpio.o
 .group         0x0000000000000000        0x8 ./driver/small_gpio.o
 .group         0x0000000000000000        0x8 ./driver/small_gpio.o
 .group         0x0000000000000000        0x8 ./driver/small_gpio.o
 .group         0x0000000000000000        0x8 ./driver/small_gpio.o
 .group         0x0000000000000000        0x8 ./driver/small_gpio.o
 .group         0x0000000000000000        0x8 ./driver/small_gpio.o
 .group         0x0000000000000000        0x8 ./driver/small_gpio.o
 .text          0x0000000000000000        0x0 ./driver/small_gpio.o
 .data          0x0000000000000000        0x0 ./driver/small_gpio.o
 .bss           0x0000000000000000        0x0 ./driver/small_gpio.o
 .debug_info    0x0000000000000000       0x6f ./driver/small_gpio.o
 .debug_abbrev  0x0000000000000000       0x29 ./driver/small_gpio.o
 .debug_aranges
                0x0000000000000000       0x18 ./driver/small_gpio.o
 .debug_macro   0x0000000000000000       0x70 ./driver/small_gpio.o
 .debug_macro   0x0000000000000000      0x81a ./driver/small_gpio.o
 .debug_macro   0x0000000000000000       0x1c ./driver/small_gpio.o
 .debug_macro   0x0000000000000000       0x22 ./driver/small_gpio.o
 .debug_macro   0x0000000000000000       0x10 ./driver/small_gpio.o
 .debug_macro   0x0000000000000000      0x12d ./driver/small_gpio.o
 .debug_macro   0x0000000000000000      0x5b2 ./driver/small_gpio.o
 .debug_macro   0x0000000000000000      0x37a ./driver/small_gpio.o
 .debug_macro   0x0000000000000000       0x8d ./driver/small_gpio.o
 .debug_macro   0x0000000000000000      0x123 ./driver/small_gpio.o
 .debug_macro   0x0000000000000000       0x22 ./driver/small_gpio.o
 .debug_line    0x0000000000000000      0x158 ./driver/small_gpio.o
 .debug_str     0x0000000000000000     0x59aa ./driver/small_gpio.o
 .comment       0x0000000000000000       0x71 ./driver/small_gpio.o
 .ARM.attributes
                0x0000000000000000       0x31 ./driver/small_gpio.o
 .group         0x0000000000000000        0x8 ./driver/ssp.o
 .group         0x0000000000000000        0x8 ./driver/ssp.o
 .group         0x0000000000000000        0x8 ./driver/ssp.o
 .group         0x0000000000000000        0x8 ./driver/ssp.o
 .group         0x0000000000000000        0x8 ./driver/ssp.o
 .group         0x0000000000000000        0x8 ./driver/ssp.o
 .group         0x0000000000000000        0x8 ./driver/ssp.o
 .group         0x0000000000000000        0x8 ./driver/ssp.o
 .group         0x0000000000000000        0x8 ./driver/ssp.o
 .group         0x0000000000000000        0x8 ./driver/ssp.o
 .text          0x0000000000000000        0x0 ./driver/ssp.o
 .data          0x0000000000000000        0x0 ./driver/ssp.o
 .bss           0x0000000000000000        0x0 ./driver/ssp.o
 .debug_info    0x0000000000000000       0x6f ./driver/ssp.o
 .debug_abbrev  0x0000000000000000       0x29 ./driver/ssp.o
 .debug_aranges
                0x0000000000000000       0x18 ./driver/ssp.o
 .debug_macro   0x0000000000000000       0x70 ./driver/ssp.o
 .debug_macro   0x0000000000000000      0x81a ./driver/ssp.o
 .debug_macro   0x0000000000000000       0x1c ./driver/ssp.o
 .debug_macro   0x0000000000000000       0x22 ./driver/ssp.o
 .debug_macro   0x0000000000000000       0x10 ./driver/ssp.o
 .debug_macro   0x0000000000000000      0x12d ./driver/ssp.o
 .debug_macro   0x0000000000000000      0x5b2 ./driver/ssp.o
 .debug_macro   0x0000000000000000      0x37a ./driver/ssp.o
 .debug_macro   0x0000000000000000       0x8d ./driver/ssp.o
 .debug_macro   0x0000000000000000      0x123 ./driver/ssp.o
 .debug_macro   0x0000000000000000       0x22 ./driver/ssp.o
 .debug_line    0x0000000000000000      0x151 ./driver/ssp.o
 .debug_str     0x0000000000000000     0x59a3 ./driver/ssp.o
 .comment       0x0000000000000000       0x71 ./driver/ssp.o
 .ARM.attributes
                0x0000000000000000       0x31 ./driver/ssp.o
 .group         0x0000000000000000        0x8 ./driver/timer16.o
 .group         0x0000000000000000        0x8 ./driver/timer16.o
 .group         0x0000000000000000        0x8 ./driver/timer16.o
 .group         0x0000000000000000        0x8 ./driver/timer16.o
 .group         0x0000000000000000        0x8 ./driver/timer16.o
 .group         0x0000000000000000        0x8 ./driver/timer16.o
 .group         0x0000000000000000        0x8 ./driver/timer16.o
 .group         0x0000000000000000        0x8 ./driver/timer16.o
 .group         0x0000000000000000        0x8 ./driver/timer16.o
 .group         0x0000000000000000        0x8 ./driver/timer16.o
 .text          0x0000000000000000        0x0 ./driver/timer16.o
 .data          0x0000000000000000        0x0 ./driver/timer16.o
 .bss           0x0000000000000000        0x0 ./driver/timer16.o
 .debug_info    0x0000000000000000       0x6f ./driver/timer16.o
 .debug_abbrev  0x0000000000000000       0x29 ./driver/timer16.o
 .debug_aranges
                0x0000000000000000       0x18 ./driver/timer16.o
 .debug_macro   0x0000000000000000       0x7a ./driver/timer16.o
 .debug_macro   0x0000000000000000      0x81a ./driver/timer16.o
 .debug_macro   0x0000000000000000       0x1c ./driver/timer16.o
 .debug_macro   0x0000000000000000       0x22 ./driver/timer16.o
 .debug_macro   0x0000000000000000       0x10 ./driver/timer16.o
 .debug_macro   0x0000000000000000      0x12d ./driver/timer16.o
 .debug_macro   0x0000000000000000      0x5b2 ./driver/timer16.o
 .debug_macro   0x0000000000000000      0x37a ./driver/timer16.o
 .debug_macro   0x0000000000000000       0x8d ./driver/timer16.o
 .debug_macro   0x0000000000000000      0x123 ./driver/timer16.o
 .debug_macro   0x0000000000000000       0x22 ./driver/timer16.o
 .debug_line    0x0000000000000000      0x162 ./driver/timer16.o
 .debug_str     0x0000000000000000     0x59b4 ./driver/timer16.o
 .comment       0x0000000000000000       0x71 ./driver/timer16.o
 .ARM.attributes
                0x0000000000000000       0x31 ./driver/timer16.o
 .group         0x0000000000000000        0x8 ./driver/timer32.o
 .group         0x0000000000000000        0x8 ./driver/timer32.o
 .group         0x0000000000000000        0x8 ./driver/timer32.o
 .group         0x0000000000000000        0x8 ./driver/timer32.o
 .group         0x0000000000000000        0x8 ./driver/timer32.o
 .group         0x0000000000000000        0x8 ./driver/timer32.o
 .group         0x0000000000000000        0x8 ./driver/timer32.o
 .group         0x0000000000000000        0x8 ./driver/timer32.o
 .group         0x0000000000000000        0x8 ./driver/timer32.o
 .group         0x0000000000000000        0x8 ./driver/timer32.o
 .group         0x0000000000000000        0x8 ./driver/timer32.o
 .text          0x0000000000000000        0x0 ./driver/timer32.o
 .data          0x0000000000000000        0x0 ./driver/timer32.o
 .bss           0x0000000000000000        0x0 ./driver/timer32.o
 .text.NVIC_EnableIRQ
                0x0000000000000000       0x2c ./driver/timer32.o
 .bss.timer32_0_period
                0x0000000000000000        0x4 ./driver/timer32.o
 .bss.timer32_1_period
                0x0000000000000000        0x4 ./driver/timer32.o
 .text.delay32Ms
                0x0000000000000000       0xd8 ./driver/timer32.o
 .text.enable_timer32
                0x0000000000000000       0x34 ./driver/timer32.o
 .text.disable_timer32
                0x0000000000000000       0x34 ./driver/timer32.o
 .text.reset_timer32
                0x0000000000000000       0x50 ./driver/timer32.o
 .text.init_timer32
                0x0000000000000000      0x144 ./driver/timer32.o
 .text.init_timer32PWM
                0x0000000000000000      0x228 ./driver/timer32.o
 .text.setMatch_timer32PWM
                0x0000000000000000       0xa0 ./driver/timer32.o
 .debug_macro   0x0000000000000000      0x81a ./driver/timer32.o
 .debug_macro   0x0000000000000000       0x1c ./driver/timer32.o
 .debug_macro   0x0000000000000000       0x22 ./driver/timer32.o
 .debug_macro   0x0000000000000000       0x10 ./driver/timer32.o
 .debug_macro   0x0000000000000000      0x12d ./driver/timer32.o
 .debug_macro   0x0000000000000000      0x5b2 ./driver/timer32.o
 .debug_macro   0x0000000000000000      0x37a ./driver/timer32.o
 .debug_macro   0x0000000000000000       0x8d ./driver/timer32.o
 .debug_macro   0x0000000000000000      0x123 ./driver/timer32.o
 .debug_macro   0x0000000000000000       0x22 ./driver/timer32.o
 .debug_macro   0x0000000000000000       0x46 ./driver/timer32.o
 .group         0x0000000000000000        0x8 ./driver/uart.o
 .group         0x0000000000000000        0x8 ./driver/uart.o
 .group         0x0000000000000000        0x8 ./driver/uart.o
 .group         0x0000000000000000        0x8 ./driver/uart.o
 .group         0x0000000000000000        0x8 ./driver/uart.o
 .group         0x0000000000000000        0x8 ./driver/uart.o
 .group         0x0000000000000000        0x8 ./driver/uart.o
 .group         0x0000000000000000        0x8 ./driver/uart.o
 .group         0x0000000000000000        0x8 ./driver/uart.o
 .group         0x0000000000000000        0x8 ./driver/uart.o
 .text          0x0000000000000000        0x0 ./driver/uart.o
 .data          0x0000000000000000        0x0 ./driver/uart.o
 .bss           0x0000000000000000        0x0 ./driver/uart.o
 .debug_info    0x0000000000000000       0x6f ./driver/uart.o
 .debug_abbrev  0x0000000000000000       0x29 ./driver/uart.o
 .debug_aranges
                0x0000000000000000       0x18 ./driver/uart.o
 .debug_macro   0x0000000000000000       0x70 ./driver/uart.o
 .debug_macro   0x0000000000000000      0x81a ./driver/uart.o
 .debug_macro   0x0000000000000000       0x1c ./driver/uart.o
 .debug_macro   0x0000000000000000       0x22 ./driver/uart.o
 .debug_macro   0x0000000000000000       0x10 ./driver/uart.o
 .debug_macro   0x0000000000000000      0x12d ./driver/uart.o
 .debug_macro   0x0000000000000000      0x5b2 ./driver/uart.o
 .debug_macro   0x0000000000000000      0x37a ./driver/uart.o
 .debug_macro   0x0000000000000000       0x8d ./driver/uart.o
 .debug_macro   0x0000000000000000      0x123 ./driver/uart.o
 .debug_macro   0x0000000000000000       0x22 ./driver/uart.o
 .debug_line    0x0000000000000000      0x152 ./driver/uart.o
 .debug_str     0x0000000000000000     0x59a4 ./driver/uart.o
 .comment       0x0000000000000000       0x71 ./driver/uart.o
 .ARM.attributes
                0x0000000000000000       0x31 ./driver/uart.o
 .group         0x0000000000000000        0x8 ./driver/wdt.o
 .group         0x0000000000000000        0x8 ./driver/wdt.o
 .group         0x0000000000000000        0x8 ./driver/wdt.o
 .group         0x0000000000000000        0x8 ./driver/wdt.o
 .group         0x0000000000000000        0x8 ./driver/wdt.o
 .group         0x0000000000000000        0x8 ./driver/wdt.o
 .group         0x0000000000000000        0x8 ./driver/wdt.o
 .group         0x0000000000000000        0x8 ./driver/wdt.o
 .group         0x0000000000000000        0x8 ./driver/wdt.o
 .group         0x0000000000000000        0x8 ./driver/wdt.o
 .text          0x0000000000000000        0x0 ./driver/wdt.o
 .data          0x0000000000000000        0x0 ./driver/wdt.o
 .bss           0x0000000000000000        0x0 ./driver/wdt.o
 .debug_info    0x0000000000000000       0x6f ./driver/wdt.o
 .debug_abbrev  0x0000000000000000       0x29 ./driver/wdt.o
 .debug_aranges
                0x0000000000000000       0x18 ./driver/wdt.o
 .debug_macro   0x0000000000000000       0x7a ./driver/wdt.o
 .debug_macro   0x0000000000000000      0x81a ./driver/wdt.o
 .debug_macro   0x0000000000000000       0x1c ./driver/wdt.o
 .debug_macro   0x0000000000000000       0x22 ./driver/wdt.o
 .debug_macro   0x0000000000000000       0x10 ./driver/wdt.o
 .debug_macro   0x0000000000000000      0x12d ./driver/wdt.o
 .debug_macro   0x0000000000000000      0x5b2 ./driver/wdt.o
 .debug_macro   0x0000000000000000      0x37a ./driver/wdt.o
 .debug_macro   0x0000000000000000       0x8d ./driver/wdt.o
 .debug_macro   0x0000000000000000      0x123 ./driver/wdt.o
 .debug_macro   0x0000000000000000       0x22 ./driver/wdt.o
 .debug_line    0x0000000000000000      0x15a ./driver/wdt.o
 .debug_str     0x0000000000000000     0x59ac ./driver/wdt.o
 .comment       0x0000000000000000       0x71 ./driver/wdt.o
 .ARM.attributes
                0x0000000000000000       0x31 ./driver/wdt.o
 .group         0x0000000000000000        0x8 ./cmsis/core_cm0.o
 .group         0x0000000000000000        0x8 ./cmsis/core_cm0.o
 .group         0x0000000000000000        0x8 ./cmsis/core_cm0.o
 .group         0x0000000000000000        0x8 ./cmsis/core_cm0.o
 .text          0x0000000000000000        0x0 ./cmsis/core_cm0.o
 .data          0x0000000000000000        0x0 ./cmsis/core_cm0.o
 .bss           0x0000000000000000        0x0 ./cmsis/core_cm0.o
 .text.__get_PSP
                0x0000000000000000        0x8 ./cmsis/core_cm0.o
 .text.__set_PSP
                0x0000000000000000        0x6 ./cmsis/core_cm0.o
 .text.__get_MSP
                0x0000000000000000        0x8 ./cmsis/core_cm0.o
 .text.__set_MSP
                0x0000000000000000        0x6 ./cmsis/core_cm0.o
 .text.__get_PRIMASK
                0x0000000000000000        0x6 ./cmsis/core_cm0.o
 .text.__set_PRIMASK
                0x0000000000000000        0x6 ./cmsis/core_cm0.o
 .text.__get_CONTROL
                0x0000000000000000        0x6 ./cmsis/core_cm0.o
 .text.__set_CONTROL
                0x0000000000000000        0x6 ./cmsis/core_cm0.o
 .text.__REV    0x0000000000000000        0x4 ./cmsis/core_cm0.o
 .text.__REV16  0x0000000000000000        0x4 ./cmsis/core_cm0.o
 .text.__REVSH  0x0000000000000000        0x4 ./cmsis/core_cm0.o
 .debug_info    0x0000000000000000      0x289 ./cmsis/core_cm0.o
 .debug_abbrev  0x0000000000000000       0xb7 ./cmsis/core_cm0.o
 .debug_loc     0x0000000000000000      0x13c ./cmsis/core_cm0.o
 .debug_aranges
                0x0000000000000000       0x70 ./cmsis/core_cm0.o
 .debug_ranges  0x0000000000000000       0x60 ./cmsis/core_cm0.o
 .debug_macro   0x0000000000000000       0x48 ./cmsis/core_cm0.o
 .debug_macro   0x0000000000000000      0x820 ./cmsis/core_cm0.o
 .debug_macro   0x0000000000000000       0x10 ./cmsis/core_cm0.o
 .debug_macro   0x0000000000000000      0x12d ./cmsis/core_cm0.o
 .debug_macro   0x0000000000000000      0x5b2 ./cmsis/core_cm0.o
 .debug_line    0x0000000000000000      0x1ce ./cmsis/core_cm0.o
 .debug_str     0x0000000000000000     0x3b62 ./cmsis/core_cm0.o
 .comment       0x0000000000000000       0x71 ./cmsis/core_cm0.o
 .ARM.attributes
                0x0000000000000000       0x31 ./cmsis/core_cm0.o
 .debug_frame   0x0000000000000000       0xc0 ./cmsis/core_cm0.o
 .group         0x0000000000000000        0x8 ./cmsis/system_LPC11xx.o
 .group         0x0000000000000000        0x8 ./cmsis/system_LPC11xx.o
 .group         0x0000000000000000        0x8 ./cmsis/system_LPC11xx.o
 .group         0x0000000000000000        0x8 ./cmsis/system_LPC11xx.o
 .group         0x0000000000000000        0x8 ./cmsis/system_LPC11xx.o
 .group         0x0000000000000000        0x8 ./cmsis/system_LPC11xx.o
 .group         0x0000000000000000        0x8 ./cmsis/system_LPC11xx.o
 .group         0x0000000000000000        0x8 ./cmsis/system_LPC11xx.o
 .text          0x0000000000000000        0x0 ./cmsis/system_LPC11xx.o
 .data          0x0000000000000000        0x0 ./cmsis/system_LPC11xx.o
 .bss           0x0000000000000000        0x0 ./cmsis/system_LPC11xx.o
 .debug_macro   0x0000000000000000      0x820 ./cmsis/system_LPC11xx.o
 .debug_macro   0x0000000000000000       0x10 ./cmsis/system_LPC11xx.o
 .debug_macro   0x0000000000000000      0x12d ./cmsis/system_LPC11xx.o
 .debug_macro   0x0000000000000000      0x5b2 ./cmsis/system_LPC11xx.o
 .debug_macro   0x0000000000000000       0x1c ./cmsis/system_LPC11xx.o
 .debug_macro   0x0000000000000000       0x8d ./cmsis/system_LPC11xx.o
 .debug_macro   0x0000000000000000      0x123 ./cmsis/system_LPC11xx.o
 .text          0x0000000000000000        0x0 /Applications/lpcxpresso_7.5.0_254/lpcxpresso/tools/bin/../lib/gcc/arm-none-eabi/4.8.4/../../../../arm-none-eabi/lib/armv6-m/libcr_c.a(memcpy.o)
 .data          0x0000000000000000        0x0 /Applications/lpcxpresso_7.5.0_254/lpcxpresso/tools/bin/../lib/gcc/arm-none-eabi/4.8.4/../../../../arm-none-eabi/lib/armv6-m/libcr_c.a(memcpy.o)
 .bss           0x0000000000000000        0x0 /Applications/lpcxpresso_7.5.0_254/lpcxpresso/tools/bin/../lib/gcc/arm-none-eabi/4.8.4/../../../../arm-none-eabi/lib/armv6-m/libcr_c.a(memcpy.o)
 .text          0x0000000000000000        0x0 /Applications/lpcxpresso_7.5.0_254/lpcxpresso/tools/bin/../lib/gcc/arm-none-eabi/4.8.4/../../../../arm-none-eabi/lib/armv6-m/libcr_c.a(__weak__main.o)
 .data          0x0000000000000000        0x0 /Applications/lpcxpresso_7.5.0_254/lpcxpresso/tools/bin/../lib/gcc/arm-none-eabi/4.8.4/../../../../arm-none-eabi/lib/armv6-m/libcr_c.a(__weak__main.o)
 .bss           0x0000000000000000        0x0 /Applications/lpcxpresso_7.5.0_254/lpcxpresso/tools/bin/../lib/gcc/arm-none-eabi/4.8.4/../../../../arm-none-eabi/lib/armv6-m/libcr_c.a(__weak__main.o)
 .text          0x0000000000000000        0x0 /Applications/lpcxpresso_7.5.0_254/lpcxpresso/tools/bin/../lib/gcc/arm-none-eabi/4.8.4/../../../../arm-none-eabi/lib/armv6-m/libcr_c.a(floor.o)
 .data          0x0000000000000000        0x0 /Applications/lpcxpresso_7.5.0_254/lpcxpresso/tools/bin/../lib/gcc/arm-none-eabi/4.8.4/../../../../arm-none-eabi/lib/armv6-m/libcr_c.a(floor.o)
 .bss           0x0000000000000000        0x0 /Applications/lpcxpresso_7.5.0_254/lpcxpresso/tools/bin/../lib/gcc/arm-none-eabi/4.8.4/../../../../arm-none-eabi/lib/armv6-m/libcr_c.a(floor.o)
 .text          0x0000000000000000        0x0 /Applications/lpcxpresso_7.5.0_254/lpcxpresso/tools/bin/../lib/gcc/arm-none-eabi/4.8.4/armv6-m/libcr_eabihelpers.a(division_32.o)
 .data          0x0000000000000000        0x0 /Applications/lpcxpresso_7.5.0_254/lpcxpresso/tools/bin/../lib/gcc/arm-none-eabi/4.8.4/armv6-m/libcr_eabihelpers.a(division_32.o)
 .bss           0x0000000000000000        0x0 /Applications/lpcxpresso_7.5.0_254/lpcxpresso/tools/bin/../lib/gcc/arm-none-eabi/4.8.4/armv6-m/libcr_eabihelpers.a(division_32.o)
 .text          0x0000000000000000        0x0 /Applications/lpcxpresso_7.5.0_254/lpcxpresso/tools/bin/../lib/gcc/arm-none-eabi/4.8.4/armv6-m/libcr_eabihelpers.a(division_idiv0.o)
 .data          0x0000000000000000        0x0 /Applications/lpcxpresso_7.5.0_254/lpcxpresso/tools/bin/../lib/gcc/arm-none-eabi/4.8.4/armv6-m/libcr_eabihelpers.a(division_idiv0.o)
 .bss           0x0000000000000000        0x0 /Applications/lpcxpresso_7.5.0_254/lpcxpresso/tools/bin/../lib/gcc/arm-none-eabi/4.8.4/armv6-m/libcr_eabihelpers.a(division_idiv0.o)
 .text          0x0000000000000000        0x0 /Applications/lpcxpresso_7.5.0_254/lpcxpresso/tools/bin/../lib/gcc/arm-none-eabi/4.8.4/armv6-m/libcr_eabihelpers.a(double.o)
 .data          0x0000000000000000        0x0 /Applications/lpcxpresso_7.5.0_254/lpcxpresso/tools/bin/../lib/gcc/arm-none-eabi/4.8.4/armv6-m/libcr_eabihelpers.a(double.o)
 .bss           0x0000000000000000        0x0 /Applications/lpcxpresso_7.5.0_254/lpcxpresso/tools/bin/../lib/gcc/arm-none-eabi/4.8.4/armv6-m/libcr_eabihelpers.a(double.o)
 .text.__aeabi_dmul
                0x0000000000000000      0x188 /Applications/lpcxpresso_7.5.0_254/lpcxpresso/tools/bin/../lib/gcc/arm-none-eabi/4.8.4/armv6-m/libcr_eabihelpers.a(double.o)
 .text.__aeabi_ddiv
                0x0000000000000000      0x160 /Applications/lpcxpresso_7.5.0_254/lpcxpresso/tools/bin/../lib/gcc/arm-none-eabi/4.8.4/armv6-m/libcr_eabihelpers.a(double.o)
 .text.__aeabi_drsub
                0x0000000000000000       0x26 /Applications/lpcxpresso_7.5.0_254/lpcxpresso/tools/bin/../lib/gcc/arm-none-eabi/4.8.4/armv6-m/libcr_eabihelpers.a(double.o)
 .text.__aeabi_dneg
                0x0000000000000000       0x10 /Applications/lpcxpresso_7.5.0_254/lpcxpresso/tools/bin/../lib/gcc/arm-none-eabi/4.8.4/armv6-m/libcr_eabihelpers.a(double.o)
 .text.__aeabi_d2iz
                0x0000000000000000       0x48 /Applications/lpcxpresso_7.5.0_254/lpcxpresso/tools/bin/../lib/gcc/arm-none-eabi/4.8.4/armv6-m/libcr_eabihelpers.a(double.o)
 .text.__aeabi_d2uiz
                0x0000000000000000       0x38 /Applications/lpcxpresso_7.5.0_254/lpcxpresso/tools/bin/../lib/gcc/arm-none-eabi/4.8.4/armv6-m/libcr_eabihelpers.a(double.o)
 .text.__aeabi_d2lz
                0x0000000000000000       0x84 /Applications/lpcxpresso_7.5.0_254/lpcxpresso/tools/bin/../lib/gcc/arm-none-eabi/4.8.4/armv6-m/libcr_eabihelpers.a(double.o)
 .text.__aeabi_d2ulz
                0x0000000000000000       0x58 /Applications/lpcxpresso_7.5.0_254/lpcxpresso/tools/bin/../lib/gcc/arm-none-eabi/4.8.4/armv6-m/libcr_eabihelpers.a(double.o)
 .text.__bhs_ui2d
                0x0000000000000000       0x5e /Applications/lpcxpresso_7.5.0_254/lpcxpresso/tools/bin/../lib/gcc/arm-none-eabi/4.8.4/armv6-m/libcr_eabihelpers.a(double.o)
 .text.__bhs_ul2d
                0x0000000000000000       0xb4 /Applications/lpcxpresso_7.5.0_254/lpcxpresso/tools/bin/../lib/gcc/arm-none-eabi/4.8.4/armv6-m/libcr_eabihelpers.a(double.o)
 .text.__aeabi_i2d
                0x0000000000000000       0x16 /Applications/lpcxpresso_7.5.0_254/lpcxpresso/tools/bin/../lib/gcc/arm-none-eabi/4.8.4/armv6-m/libcr_eabihelpers.a(double.o)
 .text.__aeabi_ui2d
                0x0000000000000000        0xc /Applications/lpcxpresso_7.5.0_254/lpcxpresso/tools/bin/../lib/gcc/arm-none-eabi/4.8.4/armv6-m/libcr_eabihelpers.a(double.o)
 .text.__aeabi_l2d
                0x0000000000000000       0x20 /Applications/lpcxpresso_7.5.0_254/lpcxpresso/tools/bin/../lib/gcc/arm-none-eabi/4.8.4/armv6-m/libcr_eabihelpers.a(double.o)
 .text.__aeabi_ul2d
                0x0000000000000000        0xc /Applications/lpcxpresso_7.5.0_254/lpcxpresso/tools/bin/../lib/gcc/arm-none-eabi/4.8.4/armv6-m/libcr_eabihelpers.a(double.o)
 .text.__aeabi_dcmplt
                0x0000000000000000       0x78 /Applications/lpcxpresso_7.5.0_254/lpcxpresso/tools/bin/../lib/gcc/arm-none-eabi/4.8.4/armv6-m/libcr_eabihelpers.a(double.o)
 .text.__aeabi_dcmpgt
                0x0000000000000000       0x68 /Applications/lpcxpresso_7.5.0_254/lpcxpresso/tools/bin/../lib/gcc/arm-none-eabi/4.8.4/armv6-m/libcr_eabihelpers.a(double.o)
 .text.__aeabi_dcmple
                0x0000000000000000       0x78 /Applications/lpcxpresso_7.5.0_254/lpcxpresso/tools/bin/../lib/gcc/arm-none-eabi/4.8.4/armv6-m/libcr_eabihelpers.a(double.o)
 .text.__aeabi_dcmpge
                0x0000000000000000       0x70 /Applications/lpcxpresso_7.5.0_254/lpcxpresso/tools/bin/../lib/gcc/arm-none-eabi/4.8.4/armv6-m/libcr_eabihelpers.a(double.o)
 .text.__aeabi_dcmpun
                0x0000000000000000       0x1c /Applications/lpcxpresso_7.5.0_254/lpcxpresso/tools/bin/../lib/gcc/arm-none-eabi/4.8.4/armv6-m/libcr_eabihelpers.a(double.o)
 .text.__aeabi_cdcmple
                0x0000000000000000       0x2e /Applications/lpcxpresso_7.5.0_254/lpcxpresso/tools/bin/../lib/gcc/arm-none-eabi/4.8.4/armv6-m/libcr_eabihelpers.a(double.o)
 .text.__aeabi_cdrcmple
                0x0000000000000000       0x14 /Applications/lpcxpresso_7.5.0_254/lpcxpresso/tools/bin/../lib/gcc/arm-none-eabi/4.8.4/armv6-m/libcr_eabihelpers.a(double.o)
 .text          0x0000000000000000        0x0 /Applications/lpcxpresso_7.5.0_254/lpcxpresso/tools/bin/../lib/gcc/arm-none-eabi/4.8.4/armv6-m/libcr_eabihelpers.a(float.o)
 .data          0x0000000000000000        0x0 /Applications/lpcxpresso_7.5.0_254/lpcxpresso/tools/bin/../lib/gcc/arm-none-eabi/4.8.4/armv6-m/libcr_eabihelpers.a(float.o)
 .bss           0x0000000000000000        0x0 /Applications/lpcxpresso_7.5.0_254/lpcxpresso/tools/bin/../lib/gcc/arm-none-eabi/4.8.4/armv6-m/libcr_eabihelpers.a(float.o)
 .text.__aeabi_frsub
                0x0000000000000000       0x10 /Applications/lpcxpresso_7.5.0_254/lpcxpresso/tools/bin/../lib/gcc/arm-none-eabi/4.8.4/armv6-m/libcr_eabihelpers.a(float.o)
 .text.__aeabi_fneg
                0x0000000000000000        0x8 /Applications/lpcxpresso_7.5.0_254/lpcxpresso/tools/bin/../lib/gcc/arm-none-eabi/4.8.4/armv6-m/libcr_eabihelpers.a(float.o)
 .text.__aeabi_f2iz
                0x0000000000000000       0x38 /Applications/lpcxpresso_7.5.0_254/lpcxpresso/tools/bin/../lib/gcc/arm-none-eabi/4.8.4/armv6-m/libcr_eabihelpers.a(float.o)
 .text.__aeabi_f2lz
                0x0000000000000000       0x64 /Applications/lpcxpresso_7.5.0_254/lpcxpresso/tools/bin/../lib/gcc/arm-none-eabi/4.8.4/armv6-m/libcr_eabihelpers.a(float.o)
 .text.__aeabi_f2ulz
                0x0000000000000000       0x40 /Applications/lpcxpresso_7.5.0_254/lpcxpresso/tools/bin/../lib/gcc/arm-none-eabi/4.8.4/armv6-m/libcr_eabihelpers.a(float.o)
 .text.__bhs_ui2f
                0x0000000000000000       0x60 /Applications/lpcxpresso_7.5.0_254/lpcxpresso/tools/bin/../lib/gcc/arm-none-eabi/4.8.4/armv6-m/libcr_eabihelpers.a(float.o)
 .text.__bhs_ul2f
                0x0000000000000000       0x84 /Applications/lpcxpresso_7.5.0_254/lpcxpresso/tools/bin/../lib/gcc/arm-none-eabi/4.8.4/armv6-m/libcr_eabihelpers.a(float.o)
 .text.__aeabi_i2f
                0x0000000000000000       0x16 /Applications/lpcxpresso_7.5.0_254/lpcxpresso/tools/bin/../lib/gcc/arm-none-eabi/4.8.4/armv6-m/libcr_eabihelpers.a(float.o)
 .text.__aeabi_ui2f
                0x0000000000000000        0xc /Applications/lpcxpresso_7.5.0_254/lpcxpresso/tools/bin/../lib/gcc/arm-none-eabi/4.8.4/armv6-m/libcr_eabihelpers.a(float.o)
 .text.__aeabi_l2f
                0x0000000000000000       0x20 /Applications/lpcxpresso_7.5.0_254/lpcxpresso/tools/bin/../lib/gcc/arm-none-eabi/4.8.4/armv6-m/libcr_eabihelpers.a(float.o)
 .text.__aeabi_ul2f
                0x0000000000000000        0xc /Applications/lpcxpresso_7.5.0_254/lpcxpresso/tools/bin/../lib/gcc/arm-none-eabi/4.8.4/armv6-m/libcr_eabihelpers.a(float.o)
 .text.__aeabi_fcmpeq
                0x0000000000000000       0x20 /Applications/lpcxpresso_7.5.0_254/lpcxpresso/tools/bin/../lib/gcc/arm-none-eabi/4.8.4/armv6-m/libcr_eabihelpers.a(float.o)
 .text.__aeabi_fcmple
                0x0000000000000000       0x40 /Applications/lpcxpresso_7.5.0_254/lpcxpresso/tools/bin/../lib/gcc/arm-none-eabi/4.8.4/armv6-m/libcr_eabihelpers.a(float.o)
 .text.__aeabi_fcmpun
                0x0000000000000000       0x16 /Applications/lpcxpresso_7.5.0_254/lpcxpresso/tools/bin/../lib/gcc/arm-none-eabi/4.8.4/armv6-m/libcr_eabihelpers.a(float.o)
 .text.__aeabi_cfcmple
                0x0000000000000000       0x24 /Applications/lpcxpresso_7.5.0_254/lpcxpresso/tools/bin/../lib/gcc/arm-none-eabi/4.8.4/armv6-m/libcr_eabihelpers.a(float.o)
 .text.__aeabi_cfrcmple
                0x0000000000000000        0xe /Applications/lpcxpresso_7.5.0_254/lpcxpresso/tools/bin/../lib/gcc/arm-none-eabi/4.8.4/armv6-m/libcr_eabihelpers.a(float.o)
 .text          0x0000000000000000        0x0 /Applications/lpcxpresso_7.5.0_254/lpcxpresso/tools/bin/../lib/gcc/arm-none-eabi/4.8.4/armv6-m/libcr_eabihelpers.a(llong.o)
 .data          0x0000000000000000        0x0 /Applications/lpcxpresso_7.5.0_254/lpcxpresso/tools/bin/../lib/gcc/arm-none-eabi/4.8.4/armv6-m/libcr_eabihelpers.a(llong.o)
 .bss           0x0000000000000000        0x0 /Applications/lpcxpresso_7.5.0_254/lpcxpresso/tools/bin/../lib/gcc/arm-none-eabi/4.8.4/armv6-m/libcr_eabihelpers.a(llong.o)
 .text.__aeabi_llong_llsl
                0x0000000000000000       0x18 /Applications/lpcxpresso_7.5.0_254/lpcxpresso/tools/bin/../lib/gcc/arm-none-eabi/4.8.4/armv6-m/libcr_eabihelpers.a(llong.o)
 .text.__aeabi_llong_llsr
                0x0000000000000000       0x18 /Applications/lpcxpresso_7.5.0_254/lpcxpresso/tools/bin/../lib/gcc/arm-none-eabi/4.8.4/armv6-m/libcr_eabihelpers.a(llong.o)
 .text.__aeabi_llong_lasr
                0x0000000000000000       0x18 /Applications/lpcxpresso_7.5.0_254/lpcxpresso/tools/bin/../lib/gcc/arm-none-eabi/4.8.4/armv6-m/libcr_eabihelpers.a(llong.o)
 .text.__aeabi_llong_lcmp
                0x0000000000000000       0x14 /Applications/lpcxpresso_7.5.0_254/lpcxpresso/tools/bin/../lib/gcc/arm-none-eabi/4.8.4/armv6-m/libcr_eabihelpers.a(llong.o)
 .text.__aeabi_llong_ulcmp
                0x0000000000000000       0x10 /Applications/lpcxpresso_7.5.0_254/lpcxpresso/tools/bin/../lib/gcc/arm-none-eabi/4.8.4/armv6-m/libcr_eabihelpers.a(llong.o)
 .text          0x0000000000000000        0x0 /Applications/lpcxpresso_7.5.0_254/lpcxpresso/tools/bin/../lib/gcc/arm-none-eabi/4.8.4/armv6-m/libcr_eabihelpers.a(memcpy.o)
 .data          0x0000000000000000        0x0 /Applications/lpcxpresso_7.5.0_254/lpcxpresso/tools/bin/../lib/gcc/arm-none-eabi/4.8.4/armv6-m/libcr_eabihelpers.a(memcpy.o)
 .bss           0x0000000000000000        0x0 /Applications/lpcxpresso_7.5.0_254/lpcxpresso/tools/bin/../lib/gcc/arm-none-eabi/4.8.4/armv6-m/libcr_eabihelpers.a(memcpy.o)
 .text.__aeabi_memmove
                0x0000000000000000       0x1c /Applications/lpcxpresso_7.5.0_254/lpcxpresso/tools/bin/../lib/gcc/arm-none-eabi/4.8.4/armv6-m/libcr_eabihelpers.a(memcpy.o)
 .text.__aeabi_memset_lowlevel
                0x0000000000000000       0x2a /Applications/lpcxpresso_7.5.0_254/lpcxpresso/tools/bin/../lib/gcc/arm-none-eabi/4.8.4/armv6-m/libcr_eabihelpers.a(memcpy.o)
 .text.__aeabi_memclr
                0x0000000000000000        0x6 /Applications/lpcxpresso_7.5.0_254/lpcxpresso/tools/bin/../lib/gcc/arm-none-eabi/4.8.4/armv6-m/libcr_eabihelpers.a(memcpy.o)
 .text.__aeabi_memset
                0x0000000000000000        0x8 /Applications/lpcxpresso_7.5.0_254/lpcxpresso/tools/bin/../lib/gcc/arm-none-eabi/4.8.4/armv6-m/libcr_eabihelpers.a(memcpy.o)

Memory Configuration

Name             Origin             Length             Attributes
MFlash32         0x0000000000000000 0x0000000000008000 xr
RamLoc8          0x0000000010000000 0x0000000000002000 xrw
*default*        0x0000000000000000 0xffffffffffffffff

Linker script and memory map

LOAD ./startup/cr_startup_lpc11.o
LOAD ./src/RF22.o
LOAD ./src/led.o
LOAD ./src/m0utils.o
LOAD ./src/main.o
LOAD ./src/spi.o
LOAD ./src/trigInput.o
LOAD ./driver/adc.o
LOAD ./driver/can.o
LOAD ./driver/clkconfig.o
LOAD ./driver/crp.o
LOAD ./driver/debug_printf.o
LOAD ./driver/gpio.o
LOAD ./driver/i2c.o
LOAD ./driver/i2cslave.o
LOAD ./driver/lpc_swu.o
LOAD ./driver/rs485.o
LOAD ./driver/small_gpio.o
LOAD ./driver/ssp.o
LOAD ./driver/timer16.o
LOAD ./driver/timer32.o
LOAD ./driver/uart.o
LOAD ./driver/wdt.o
LOAD ./cmsis/core_cm0.o
LOAD ./cmsis/system_LPC11xx.o
START GROUP
LOAD /Applications/lpcxpresso_7.5.0_254/lpcxpresso/tools/bin/../lib/gcc/arm-none-eabi/4.8.4/../../../../arm-none-eabi/lib/armv6-m/libcr_c.a
LOAD /Applications/lpcxpresso_7.5.0_254/lpcxpresso/tools/bin/../lib/gcc/arm-none-eabi/4.8.4/../../../../arm-none-eabi/lib/armv6-m/libcr_semihost.a
LOAD /Applications/lpcxpresso_7.5.0_254/lpcxpresso/tools/bin/../lib/gcc/arm-none-eabi/4.8.4/armv6-m/libcr_eabihelpers.a
END GROUP
                0x0000000000008000                __top_MFlash32 = 0x8000
                0x0000000010002000                __top_RamLoc8 = 0x10002000

.text           0x0000000000000000     0x24bc
 FILL mask 0xff
 *(.isr_vector)
 .isr_vector    0x0000000000000000       0xc0 ./startup/cr_startup_lpc11.o
                0x0000000000000000                g_pfnVectors
 *(.text.Reset_Handler .text.SystemInit)
 .text.SystemInit
                0x00000000000000c0       0xac ./cmsis/system_LPC11xx.o
                0x00000000000000c0                SystemInit
                0x00000000000002fc                . = 0x2fc
 *fill*         0x000000000000016c      0x190 ff
 *(.crp)
 .crp           0x00000000000002fc        0x4 ./driver/crp.o
                0x00000000000002fc                CRP_WORD
 *(.text*)
 .text.ResetISR
                0x0000000000000300       0x60 ./startup/cr_startup_lpc11.o
                0x0000000000000300                ResetISR
 .text.NMI_Handler
                0x0000000000000360        0x8 ./startup/cr_startup_lpc11.o
                0x0000000000000360                NMI_Handler
 .text.HardFault_Handler
                0x0000000000000368        0x8 ./startup/cr_startup_lpc11.o
                0x0000000000000368                HardFault_Handler
 .text.SVCall_Handler
                0x0000000000000370        0x8 ./startup/cr_startup_lpc11.o
                0x0000000000000370                SVCall_Handler
 .text.PendSV_Handler
                0x0000000000000378        0x8 ./startup/cr_startup_lpc11.o
                0x0000000000000378                PendSV_Handler
 .text.IntDefaultHandler
                0x0000000000000380        0x8 ./startup/cr_startup_lpc11.o
                0x0000000000000380                PIOINT3_IRQHandler
                0x0000000000000380                UART_IRQHandler
                0x0000000000000380                TIMER32_1_IRQHandler
                0x0000000000000380                IntDefaultHandler
                0x0000000000000380                CAN_IRQHandler
                0x0000000000000380                SSP0_IRQHandler
                0x0000000000000380                TIMER16_1_IRQHandler
                0x0000000000000380                ADC_IRQHandler
                0x0000000000000380                SSP1_IRQHandler
                0x0000000000000380                BOD_IRQHandler
                0x0000000000000380                WAKEUP_IRQHandler
                0x0000000000000380                PIOINT0_IRQHandler
                0x0000000000000380                I2C_IRQHandler
                0x0000000000000380                WDT_IRQHandler
                0x0000000000000380                TIMER16_0_IRQHandler
 .text.RF22init
                0x0000000000000388      0x168 ./src/RF22.o
                0x0000000000000388                RF22init
 .text.reset    0x00000000000004f0       0x18 ./src/RF22.o
                0x00000000000004f0                reset
 .text.spiRead  0x0000000000000508       0x58 ./src/RF22.o
                0x0000000000000508                spiRead
 .text.spiWrite
                0x0000000000000560       0x54 ./src/RF22.o
                0x0000000000000560                spiWrite
 .text.spiBurstWrite
                0x00000000000005b4       0x68 ./src/RF22.o
                0x00000000000005b4                spiBurstWrite
 .text.statusRead
                0x000000000000061c       0x14 ./src/RF22.o
                0x000000000000061c                statusRead
 .text.setFrequency
                0x0000000000000630      0x144 ./src/RF22.o
                0x0000000000000630                setFrequency
 .text.setTxPower
                0x0000000000000774       0x20 ./src/RF22.o
                0x0000000000000774                setTxPower
 .text.setModemRegisters
                0x0000000000000794       0x68 ./src/RF22.o
                0x0000000000000794                setModemRegisters
 .text.setModemConfig
                0x00000000000007fc       0x50 ./src/RF22.o
                0x00000000000007fc                setModemConfig
 .text.setPreambleLength
                0x000000000000084c       0x20 ./src/RF22.o
                0x000000000000084c                setPreambleLength
 .text.setSyncWords
                0x000000000000086c       0x24 ./src/RF22.o
                0x000000000000086c                setSyncWords
 .text.clearRxBuf
                0x0000000000000890       0x1c ./src/RF22.o
                0x0000000000000890                clearRxBuf
 .text.clearTxBuf
                0x00000000000008ac       0x28 ./src/RF22.o
                0x00000000000008ac                clearTxBuf
 .text.setHeaderTo
                0x00000000000008d4       0x20 ./src/RF22.o
                0x00000000000008d4                setHeaderTo
 .text.setHeaderFrom
                0x00000000000008f4       0x20 ./src/RF22.o
                0x00000000000008f4                setHeaderFrom
 .text.setHeaderId
                0x0000000000000914       0x20 ./src/RF22.o
                0x0000000000000914                setHeaderId
 .text.setHeaderFlags
                0x0000000000000934       0x20 ./src/RF22.o
                0x0000000000000934                setHeaderFlags
 .text.setPromiscuous
                0x0000000000000954       0x28 ./src/RF22.o
                0x0000000000000954                setPromiscuous
 .text.initLed  0x000000000000097c      0x108 ./src/led.o
                0x000000000000097c                initLed
 .text.updateLed
                0x0000000000000a84      0x158 ./src/led.o
                0x0000000000000a84                updateLed
 .text.millis   0x0000000000000bdc       0x14 ./src/m0utils.o
                0x0000000000000bdc                millis
 .text.delay    0x0000000000000bf0       0x30 ./src/m0utils.o
                0x0000000000000bf0                delay
 .text.NVIC_SetPriority
                0x0000000000000c20       0xe0 ./src/main.o
 .text.SysTick_Config
                0x0000000000000d00       0x4c ./src/main.o
 .text.SysTick_Handler
                0x0000000000000d4c       0x18 ./src/main.o
                0x0000000000000d4c                SysTick_Handler
 .text.initError
                0x0000000000000d64        0xc ./src/main.o
                0x0000000000000d64                initError
 .text.WDTFeed  0x0000000000000d70        0x8 ./src/main.o
                0x0000000000000d70                WDTFeed
 .text.sysInit  0x0000000000000d78      0x128 ./src/main.o
                0x0000000000000d78                sysInit
 .text.main     0x0000000000000ea0       0x40 ./src/main.o
                0x0000000000000ea0                main
 .text.SPI_Init
                0x0000000000000ee0       0x90 ./src/spi.o
                0x0000000000000ee0                SPI_Init
 .text.SPI_Send
                0x0000000000000f70       0x6c ./src/spi.o
                0x0000000000000f70                SPI_Send
 .text.SPI_Receive
                0x0000000000000fdc       0x50 ./src/spi.o
                0x0000000000000fdc                SPI_Receive
 .text.NVIC_EnableIRQ
                0x000000000000102c       0x2c ./src/trigInput.o
 .text.PIOINT1_IRQHandler
                0x0000000000001058       0x40 ./src/trigInput.o
                0x0000000000001058                PIOINT1_IRQHandler
 .text.PIOINT2_IRQHandler
                0x0000000000001098       0x2c ./src/trigInput.o
                0x0000000000001098                PIOINT2_IRQHandler
 .text.trigInputInit
                0x00000000000010c4       0x94 ./src/trigInput.o
                0x00000000000010c4                trigInputInit
 .text.trigInputRead
                0x0000000000001158       0x6c ./src/trigInput.o
                0x0000000000001158                trigInputRead
 .text.GPIOInit
                0x00000000000011c4       0x20 ./driver/gpio.o
                0x00000000000011c4                GPIOInit
 .text.GPIOSetInterrupt
                0x00000000000011e4      0x31c ./driver/gpio.o
                0x00000000000011e4                GPIOSetInterrupt
 .text.GPIOIntEnable
                0x0000000000001500       0xa0 ./driver/gpio.o
                0x0000000000001500                GPIOIntEnable
 .text.GPIOIntDisable
                0x00000000000015a0       0xa8 ./driver/gpio.o
                0x00000000000015a0                GPIOIntDisable
 .text.GPIOIntClear
                0x0000000000001648       0xa0 ./driver/gpio.o
                0x0000000000001648                GPIOIntClear
 .text.GPIOSetValue
                0x00000000000016e8       0x38 ./driver/gpio.o
                0x00000000000016e8                GPIOSetValue
 .text.GPIOSetDir
                0x0000000000001720       0x70 ./driver/gpio.o
                0x0000000000001720                GPIOSetDir
 .text.TIMER32_0_IRQHandler
                0x0000000000001790       0x4c ./driver/timer32.o
                0x0000000000001790                TIMER32_0_IRQHandler
 .text.SystemCoreClockUpdate
                0x00000000000017dc       0xb0 ./cmsis/system_LPC11xx.o
                0x00000000000017dc                SystemCoreClockUpdate
 .text.memcpy   0x000000000000188c        0x8 /Applications/lpcxpresso_7.5.0_254/lpcxpresso/tools/bin/../lib/gcc/arm-none-eabi/4.8.4/../../../../arm-none-eabi/lib/armv6-m/libcr_c.a(memcpy.o)
                0x000000000000188c                memcpy
 .text.__weak_main
                0x0000000000001894        0x8 /Applications/lpcxpresso_7.5.0_254/lpcxpresso/tools/bin/../lib/gcc/arm-none-eabi/4.8.4/../../../../arm-none-eabi/lib/armv6-m/libcr_c.a(__weak__main.o)
                0x0000000000001894                __main
                0x0000000000001894                __weak_main
 *fill*         0x000000000000189c        0x4 
 .text.floor    0x00000000000018a0       0xb8 /Applications/lpcxpresso_7.5.0_254/lpcxpresso/tools/bin/../lib/gcc/arm-none-eabi/4.8.4/../../../../arm-none-eabi/lib/armv6-m/libcr_c.a(floor.o)
                0x00000000000018a0                floor
 .text.__aeabi_division_idivmod
                0x0000000000001958       0x78 /Applications/lpcxpresso_7.5.0_254/lpcxpresso/tools/bin/../lib/gcc/arm-none-eabi/4.8.4/armv6-m/libcr_eabihelpers.a(division_32.o)
                0x0000000000001958                __aeabi_idiv
                0x0000000000001958                __aeabi_idivmod
                0x000000000000195e                __aeabi_uidiv
                0x000000000000195e                __aeabi_uidivmod
 .text.__aeabi_division_idiv0
                0x00000000000019d0        0x2 /Applications/lpcxpresso_7.5.0_254/lpcxpresso/tools/bin/../lib/gcc/arm-none-eabi/4.8.4/armv6-m/libcr_eabihelpers.a(division_idiv0.o)
                0x00000000000019d0                __aeabi_idiv0
 *fill*         0x00000000000019d2        0x6 
 .text.__aeabi_dsub
                0x00000000000019d8      0x1e8 /Applications/lpcxpresso_7.5.0_254/lpcxpresso/tools/bin/../lib/gcc/arm-none-eabi/4.8.4/armv6-m/libcr_eabihelpers.a(double.o)
                0x00000000000019d8                __aeabi_dsub
 .text.__aeabi_dadd
                0x0000000000001bc0      0x148 /Applications/lpcxpresso_7.5.0_254/lpcxpresso/tools/bin/../lib/gcc/arm-none-eabi/4.8.4/armv6-m/libcr_eabihelpers.a(double.o)
                0x0000000000001bc0                __aeabi_dadd
 .text.__aeabi_d2f
                0x0000000000001d08       0x5c /Applications/lpcxpresso_7.5.0_254/lpcxpresso/tools/bin/../lib/gcc/arm-none-eabi/4.8.4/armv6-m/libcr_eabihelpers.a(double.o)
                0x0000000000001d08                __aeabi_d2f
 .text.__aeabi_dcmpeq
                0x0000000000001d64       0x38 /Applications/lpcxpresso_7.5.0_254/lpcxpresso/tools/bin/../lib/gcc/arm-none-eabi/4.8.4/armv6-m/libcr_eabihelpers.a(double.o)
                0x0000000000001d64                __aeabi_dcmpeq
 .text.__aeabi_fmul
                0x0000000000001d9c       0xc8 /Applications/lpcxpresso_7.5.0_254/lpcxpresso/tools/bin/../lib/gcc/arm-none-eabi/4.8.4/armv6-m/libcr_eabihelpers.a(float.o)
                0x0000000000001d9c                __aeabi_fmul
 .text.__aeabi_fdiv
                0x0000000000001e64       0xe0 /Applications/lpcxpresso_7.5.0_254/lpcxpresso/tools/bin/../lib/gcc/arm-none-eabi/4.8.4/armv6-m/libcr_eabihelpers.a(float.o)
                0x0000000000001e64                __aeabi_fdiv
 .text.__aeabi_fsub
                0x0000000000001f44      0x130 /Applications/lpcxpresso_7.5.0_254/lpcxpresso/tools/bin/../lib/gcc/arm-none-eabi/4.8.4/armv6-m/libcr_eabihelpers.a(float.o)
                0x0000000000001f44                __aeabi_fsub
 .text.__aeabi_fadd
                0x0000000000002074       0xb8 /Applications/lpcxpresso_7.5.0_254/lpcxpresso/tools/bin/../lib/gcc/arm-none-eabi/4.8.4/armv6-m/libcr_eabihelpers.a(float.o)
                0x0000000000002074                __aeabi_fadd
 .text.__aeabi_f2uiz
                0x000000000000212c       0x26 /Applications/lpcxpresso_7.5.0_254/lpcxpresso/tools/bin/../lib/gcc/arm-none-eabi/4.8.4/armv6-m/libcr_eabihelpers.a(float.o)
                0x000000000000212c                __aeabi_f2uiz
 *fill*         0x0000000000002152        0x2 
 .text.__aeabi_f2d
                0x0000000000002154       0x3c /Applications/lpcxpresso_7.5.0_254/lpcxpresso/tools/bin/../lib/gcc/arm-none-eabi/4.8.4/armv6-m/libcr_eabihelpers.a(float.o)
                0x0000000000002154                __aeabi_f2d
 .text.__aeabi_fcmplt
                0x0000000000002190       0x42 /Applications/lpcxpresso_7.5.0_254/lpcxpresso/tools/bin/../lib/gcc/arm-none-eabi/4.8.4/armv6-m/libcr_eabihelpers.a(float.o)
                0x0000000000002190                __aeabi_fcmplt
 .text.__aeabi_fcmpgt
                0x00000000000021d2       0x3c /Applications/lpcxpresso_7.5.0_254/lpcxpresso/tools/bin/../lib/gcc/arm-none-eabi/4.8.4/armv6-m/libcr_eabihelpers.a(float.o)
                0x00000000000021d2                __aeabi_fcmpgt
 .text.__aeabi_fcmpge
                0x000000000000220e       0x3c /Applications/lpcxpresso_7.5.0_254/lpcxpresso/tools/bin/../lib/gcc/arm-none-eabi/4.8.4/armv6-m/libcr_eabihelpers.a(float.o)
                0x000000000000220e                __aeabi_fcmpge
 .text.__aeabi_llong_lmul
                0x000000000000224a       0x2e /Applications/lpcxpresso_7.5.0_254/lpcxpresso/tools/bin/../lib/gcc/arm-none-eabi/4.8.4/armv6-m/libcr_eabihelpers.a(llong.o)
                0x000000000000224a                __aeabi_lmul
 .text.__aeabi_memcpy
                0x0000000000002278       0x2c /Applications/lpcxpresso_7.5.0_254/lpcxpresso/tools/bin/../lib/gcc/arm-none-eabi/4.8.4/armv6-m/libcr_eabihelpers.a(memcpy.o)
                0x0000000000002278                __aeabi_memcpy
                0x0000000000002278                __aeabi_memcpy4
                0x0000000000002278                __aeabi_memcpy8
 *(.rodata*)
 .rodata.MODEM_CONFIG_TABLE
                0x00000000000022a4      0x1c4 ./src/RF22.o
 .rodata        0x0000000000002468        0x4 ./src/RF22.o
 .rodata.LPC_GPIO
                0x000000000000246c       0x10 ./driver/gpio.o
 .rodata.CSWTCH.8
                0x000000000000247c       0x40 ./cmsis/system_LPC11xx.o

.glue_7         0x00000000000024bc        0x0
 .glue_7        0x0000000000000000        0x0 linker stubs

.glue_7t        0x00000000000024bc        0x0
 .glue_7t       0x0000000000000000        0x0 linker stubs

.vfp11_veneer   0x00000000000024bc        0x0
 .vfp11_veneer  0x0000000000000000        0x0 linker stubs

.v4_bx          0x00000000000024bc        0x0
 .v4_bx         0x0000000000000000        0x0 linker stubs

.iplt           0x00000000000024bc        0x0
 .iplt          0x0000000000000000        0x0 ./startup/cr_startup_lpc11.o

.rel.dyn        0x00000000000024bc        0x0
 .rel.iplt      0x0000000000000000        0x0 ./startup/cr_startup_lpc11.o

.ARM.extab
 *(.ARM.extab* .gnu.linkonce.armextab.*)
                0x00000000000024bc                __exidx_start = .

.ARM.exidx
 *(.ARM.exidx* .gnu.linkonce.armexidx.*)
                0x00000000000024bc                __exidx_end = .
                0x00000000000024bc                _etext = .

.data           0x0000000010000000      0x1bc load address 0x00000000000024bc
                0x0000000010000000                _data = .
 *(vtable)
 *(.data*)
 .data.ledStatus
                0x0000000010000000      0x1b8 ./src/led.o
 .data.SystemCoreClock
                0x00000000100001b8        0x4 ./cmsis/system_LPC11xx.o
                0x00000000100001b8                SystemCoreClock
                0x00000000100001bc                _edata = .

.igot.plt       0x00000000100001bc        0x0 load address 0x0000000000002678
 .igot.plt      0x0000000000000000        0x0 ./startup/cr_startup_lpc11.o

.bss            0x00000000100001bc       0x48 load address 0x0000000000002678
                0x00000000100001bc                _bss = .
 *(.bss*)
 .bss._mode     0x00000000100001bc        0x1 ./src/RF22.o
 .bss._idleMode
                0x00000000100001bd        0x1 ./src/RF22.o
 .bss._slaveSelectPin
                0x00000000100001be        0x1 ./src/RF22.o
 .bss._spiPortNum
                0x00000000100001bf        0x1 ./src/RF22.o
 .bss._deviceType
                0x00000000100001c0        0x1 ./src/RF22.o
 .bss.lastState.3802
                0x00000000100001c1        0x1 ./src/led.o
 *fill*         0x00000000100001c2        0x2 
 .bss.timer32_0_counter
                0x00000000100001c4        0x4 ./driver/timer32.o
                0x00000000100001c4                timer32_0_counter
 .bss.timer32_0_capture
                0x00000000100001c8        0x4 ./driver/timer32.o
                0x00000000100001c8                timer32_0_capture
 *(COMMON)
 COMMON         0x00000000100001cc        0xc ./src/RF22.o
                0x00000000100001cc                _bufLen
                0x00000000100001cd                _lastRssi
                0x00000000100001ce                _txGood
                0x00000000100001d0                _txPacketSent
                0x00000000100001d1                _txBufSentIndex
                0x00000000100001d2                _rxGood
                0x00000000100001d4                _rxBufValid
                0x00000000100001d6                _rxBad
 COMMON         0x00000000100001d8       0x1c ./src/main.o
                0x00000000100001d8                rxData
                0x00000000100001e4                txData
                0x00000000100001f0                MsCount
 COMMON         0x00000000100001f4       0x10 ./src/trigInput.o
                0x00000000100001f4                timeLast1
                0x00000000100001f8                timeLast2
                0x00000000100001fc                timeEdge1
                0x0000000010000200                timeEdge2
                0x0000000010000204                _ebss = .

.cr_heap        0x0000000010000204        0x0 load address 0x0000000000002678
                0x0000000010000204                end = .
                0x0000000010000204                _pvHeapStart = .
                0x0000000010002000                _vRamTop = __top_RamLoc8
                0x0000000010002000                _vStackTop = _vRamTop
OUTPUT(blinky.axf elf32-littlearm)

.debug_info     0x0000000000000000     0x41f8
 .debug_info    0x0000000000000000      0x186 ./startup/cr_startup_lpc11.o
 .debug_info    0x0000000000000186      0xd74 ./src/RF22.o
 .debug_info    0x0000000000000efa      0x20b ./src/led.o
 .debug_info    0x0000000000001105      0x106 ./src/m0utils.o
 .debug_info    0x000000000000120b      0x996 ./src/main.o
 .debug_info    0x0000000000001ba1      0x7b5 ./src/spi.o
 .debug_info    0x0000000000002356      0x6bd ./src/trigInput.o
 .debug_info    0x0000000000002a13       0x90 ./driver/crp.o
 .debug_info    0x0000000000002aa3      0x737 ./driver/gpio.o
 .debug_info    0x00000000000031da      0xb3c ./driver/timer32.o
 .debug_info    0x0000000000003d16      0x4e2 ./cmsis/system_LPC11xx.o

.debug_abbrev   0x0000000000000000      0xfad
 .debug_abbrev  0x0000000000000000       0xb9 ./startup/cr_startup_lpc11.o
 .debug_abbrev  0x00000000000000b9      0x284 ./src/RF22.o
 .debug_abbrev  0x000000000000033d      0x123 ./src/led.o
 .debug_abbrev  0x0000000000000460       0xc0 ./src/m0utils.o
 .debug_abbrev  0x0000000000000520      0x242 ./src/main.o
 .debug_abbrev  0x0000000000000762      0x159 ./src/spi.o
 .debug_abbrev  0x00000000000008bb      0x1c6 ./src/trigInput.o
 .debug_abbrev  0x0000000000000a81       0x4e ./driver/crp.o
 .debug_abbrev  0x0000000000000acf      0x1bb ./driver/gpio.o
 .debug_abbrev  0x0000000000000c8a      0x1d8 ./driver/timer32.o
 .debug_abbrev  0x0000000000000e62      0x14b ./cmsis/system_LPC11xx.o

.debug_aranges  0x0000000000000000      0x450
 .debug_aranges
                0x0000000000000000       0x50 ./startup/cr_startup_lpc11.o
 .debug_aranges
                0x0000000000000050      0x1c8 ./src/RF22.o
 .debug_aranges
                0x0000000000000218       0x38 ./src/led.o
 .debug_aranges
                0x0000000000000250       0x38 ./src/m0utils.o
 .debug_aranges
                0x0000000000000288       0x60 ./src/main.o
 .debug_aranges
                0x00000000000002e8       0x30 ./src/spi.o
 .debug_aranges
                0x0000000000000318       0x40 ./src/trigInput.o
 .debug_aranges
                0x0000000000000358       0x18 ./driver/crp.o
 .debug_aranges
                0x0000000000000370       0x58 ./driver/gpio.o
 .debug_aranges
                0x00000000000003c8       0x60 ./driver/timer32.o
 .debug_aranges
                0x0000000000000428       0x28 ./cmsis/system_LPC11xx.o

.debug_ranges   0x0000000000000000      0x398
 .debug_ranges  0x0000000000000000       0x40 ./startup/cr_startup_lpc11.o
 .debug_ranges  0x0000000000000040      0x1b8 ./src/RF22.o
 .debug_ranges  0x00000000000001f8       0x28 ./src/led.o
 .debug_ranges  0x0000000000000220       0x28 ./src/m0utils.o
 .debug_ranges  0x0000000000000248       0x50 ./src/main.o
 .debug_ranges  0x0000000000000298       0x20 ./src/spi.o
 .debug_ranges  0x00000000000002b8       0x30 ./src/trigInput.o
 .debug_ranges  0x00000000000002e8       0x48 ./driver/gpio.o
 .debug_ranges  0x0000000000000330       0x50 ./driver/timer32.o
 .debug_ranges  0x0000000000000380       0x18 ./cmsis/system_LPC11xx.o

.debug_macro    0x0000000000000000     0x32c4
 .debug_macro   0x0000000000000000       0x57 ./startup/cr_startup_lpc11.o
 .debug_macro   0x0000000000000057      0x81a ./startup/cr_startup_lpc11.o
 .debug_macro   0x0000000000000871       0x10 ./startup/cr_startup_lpc11.o
 .debug_macro   0x0000000000000881      0x12d ./startup/cr_startup_lpc11.o
 .debug_macro   0x00000000000009ae      0x5b2 ./startup/cr_startup_lpc11.o
 .debug_macro   0x0000000000000f60       0x87 ./startup/cr_startup_lpc11.o
 .debug_macro   0x0000000000000fe7       0xb2 ./src/RF22.o
 .debug_macro   0x0000000000001099       0x1c ./src/RF22.o
 .debug_macro   0x00000000000010b5       0x22 ./src/RF22.o
 .debug_macro   0x00000000000010d7      0x37a ./src/RF22.o
 .debug_macro   0x0000000000001451       0x8d ./src/RF22.o
 .debug_macro   0x00000000000014de      0x123 ./src/RF22.o
 .debug_macro   0x0000000000001601       0x22 ./src/RF22.o
 .debug_macro   0x0000000000001623      0x7cf ./src/RF22.o
 .debug_macro   0x0000000000001df2       0xc4 ./src/RF22.o
 .debug_macro   0x0000000000001eb6       0x10 ./src/RF22.o
 .debug_macro   0x0000000000001ec6       0x9a ./src/RF22.o
 .debug_macro   0x0000000000001f60       0xe8 ./src/RF22.o
 .debug_macro   0x0000000000002048       0x22 ./src/RF22.o
 .debug_macro   0x000000000000206a       0x5a ./src/led.o
 .debug_macro   0x00000000000020c4       0x28 ./src/led.o
 .debug_macro   0x00000000000020ec       0xc4 ./src/led.o
 .debug_macro   0x00000000000021b0       0x11 ./src/m0utils.o
 .debug_macro   0x00000000000021c1       0xdf ./src/main.o
 .debug_macro   0x00000000000022a0       0x2e ./src/main.o
 .debug_macro   0x00000000000022ce       0x46 ./src/main.o
 .debug_macro   0x0000000000002314      0x7cf ./src/main.o
 .debug_macro   0x0000000000002ae3       0x3a ./src/main.o
 .debug_macro   0x0000000000002b1d       0x1c ./src/main.o
 .debug_macro   0x0000000000002b39       0x2e ./src/main.o
 .debug_macro   0x0000000000002b67       0x79 ./src/spi.o
 .debug_macro   0x0000000000002be0       0xd9 ./src/trigInput.o
 .debug_macro   0x0000000000002cb9       0x88 ./driver/crp.o
 .debug_macro   0x0000000000002d41       0x28 ./driver/crp.o
 .debug_macro   0x0000000000002d69       0x28 ./driver/crp.o
 .debug_macro   0x0000000000002d91       0x79 ./driver/gpio.o
 .debug_macro   0x0000000000002e0a       0x79 ./driver/timer32.o
 .debug_macro   0x0000000000002e83       0xa9 ./cmsis/system_LPC11xx.o
 .debug_macro   0x0000000000002f2c      0x398 ./cmsis/system_LPC11xx.o

.debug_line     0x0000000000000000     0x190f
 .debug_line    0x0000000000000000      0x1db ./startup/cr_startup_lpc11.o
 .debug_line    0x00000000000001db      0x653 ./src/RF22.o
 .debug_line    0x000000000000082e      0x170 ./src/led.o
 .debug_line    0x000000000000099e       0x7d ./src/m0utils.o
 .debug_line    0x0000000000000a1b      0x2dd ./src/main.o
 .debug_line    0x0000000000000cf8      0x1ce ./src/spi.o
 .debug_line    0x0000000000000ec6      0x216 ./src/trigInput.o
 .debug_line    0x00000000000010dc      0x15a ./driver/crp.o
 .debug_line    0x0000000000001236      0x264 ./driver/gpio.o
 .debug_line    0x000000000000149a      0x2b8 ./driver/timer32.o
 .debug_line    0x0000000000001752      0x1bd ./cmsis/system_LPC11xx.o

.debug_str      0x0000000000000000     0x9989
 .debug_str     0x0000000000000000     0x3cbd ./startup/cr_startup_lpc11.o
                                       0x3d48 (size before relaxing)
 .debug_str     0x0000000000003cbd     0x4aeb ./src/RF22.o
                                       0x8801 (size before relaxing)
 .debug_str     0x00000000000087a8      0x156 ./src/led.o
                                       0x2ae2 (size before relaxing)
 .debug_str     0x00000000000088fe       0x40 ./src/m0utils.o
                                       0x234d (size before relaxing)
 .debug_str     0x000000000000893e      0x6fc ./src/main.o
                                       0x8937 (size before relaxing)
 .debug_str     0x000000000000903a      0x2b8 ./src/spi.o
                                       0x60d6 (size before relaxing)
 .debug_str     0x00000000000092f2      0x125 ./src/trigInput.o
                                       0x6553 (size before relaxing)
 .debug_str     0x0000000000009417       0xbf ./driver/crp.o
                                       0x5a5b (size before relaxing)
 .debug_str     0x00000000000094d6       0x94 ./driver/gpio.o
                                       0x5d3e (size before relaxing)
 .debug_str     0x000000000000956a      0x13f ./driver/timer32.o
                                       0x61b7 (size before relaxing)
 .debug_str     0x00000000000096a9      0x2e0 ./cmsis/system_LPC11xx.o
                                       0x5dca (size before relaxing)

.comment        0x0000000000000000       0xe0
 .comment       0x0000000000000000       0x70 ./startup/cr_startup_lpc11.o
                                         0x71 (size before relaxing)
 .comment       0x0000000000000000       0x71 ./src/RF22.o
 .comment       0x0000000000000000       0x71 ./src/led.o
 .comment       0x0000000000000000       0x71 ./src/m0utils.o
 .comment       0x0000000000000000       0x71 ./src/main.o
 .comment       0x0000000000000000       0x71 ./src/spi.o
 .comment       0x0000000000000000       0x71 ./src/trigInput.o
 .comment       0x0000000000000000       0x71 ./driver/crp.o
 .comment       0x0000000000000000       0x71 ./driver/gpio.o
 .comment       0x0000000000000000       0x71 ./driver/timer32.o
 .comment       0x0000000000000000       0x71 ./cmsis/system_LPC11xx.o
 .comment       0x0000000000000070       0x70 /Applications/lpcxpresso_7.5.0_254/lpcxpresso/tools/bin/../lib/gcc/arm-none-eabi/4.8.4/../../../../arm-none-eabi/lib/armv6-m/libcr_c.a(memcpy.o)
                                         0x71 (size before relaxing)
 .comment       0x0000000000000000       0x71 /Applications/lpcxpresso_7.5.0_254/lpcxpresso/tools/bin/../lib/gcc/arm-none-eabi/4.8.4/../../../../arm-none-eabi/lib/armv6-m/libcr_c.a(__weak__main.o)
 .comment       0x0000000000000000       0x71 /Applications/lpcxpresso_7.5.0_254/lpcxpresso/tools/bin/../lib/gcc/arm-none-eabi/4.8.4/../../../../arm-none-eabi/lib/armv6-m/libcr_c.a(floor.o)
 .comment       0x0000000000000000       0x71 /Applications/lpcxpresso_7.5.0_254/lpcxpresso/tools/bin/../lib/gcc/arm-none-eabi/4.8.4/armv6-m/libcr_eabihelpers.a(double.o)
 .comment       0x0000000000000000       0x71 /Applications/lpcxpresso_7.5.0_254/lpcxpresso/tools/bin/../lib/gcc/arm-none-eabi/4.8.4/armv6-m/libcr_eabihelpers.a(float.o)

.ARM.attributes
                0x0000000000000000       0x2f
 .ARM.attributes
                0x0000000000000000       0x31 ./startup/cr_startup_lpc11.o
 .ARM.attributes
                0x0000000000000031       0x31 ./src/RF22.o
 .ARM.attributes
                0x0000000000000062       0x31 ./src/led.o
 .ARM.attributes
                0x0000000000000093       0x31 ./src/m0utils.o
 .ARM.attributes
                0x00000000000000c4       0x31 ./src/main.o
 .ARM.attributes
                0x00000000000000f5       0x31 ./src/spi.o
 .ARM.attributes
                0x0000000000000126       0x31 ./src/trigInput.o
 .ARM.attributes
                0x0000000000000157       0x31 ./driver/crp.o
 .ARM.attributes
                0x0000000000000188       0x31 ./driver/gpio.o
 .ARM.attributes
                0x00000000000001b9       0x31 ./driver/timer32.o
 .ARM.attributes
                0x00000000000001ea       0x31 ./cmsis/system_LPC11xx.o
 .ARM.attributes
                0x000000000000021b       0x31 /Applications/lpcxpresso_7.5.0_254/lpcxpresso/tools/bin/../lib/gcc/arm-none-eabi/4.8.4/../../../../arm-none-eabi/lib/armv6-m/libcr_c.a(memcpy.o)
 .ARM.attributes
                0x000000000000024c       0x31 /Applications/lpcxpresso_7.5.0_254/lpcxpresso/tools/bin/../lib/gcc/arm-none-eabi/4.8.4/../../../../arm-none-eabi/lib/armv6-m/libcr_c.a(__weak__main.o)
 .ARM.attributes
                0x000000000000027d       0x31 /Applications/lpcxpresso_7.5.0_254/lpcxpresso/tools/bin/../lib/gcc/arm-none-eabi/4.8.4/../../../../arm-none-eabi/lib/armv6-m/libcr_c.a(floor.o)
 .ARM.attributes
                0x00000000000002ae       0x21 /Applications/lpcxpresso_7.5.0_254/lpcxpresso/tools/bin/../lib/gcc/arm-none-eabi/4.8.4/armv6-m/libcr_eabihelpers.a(division_32.o)
 .ARM.attributes
                0x00000000000002cf       0x21 /Applications/lpcxpresso_7.5.0_254/lpcxpresso/tools/bin/../lib/gcc/arm-none-eabi/4.8.4/armv6-m/libcr_eabihelpers.a(division_idiv0.o)
 .ARM.attributes
                0x00000000000002f0       0x31 /Applications/lpcxpresso_7.5.0_254/lpcxpresso/tools/bin/../lib/gcc/arm-none-eabi/4.8.4/armv6-m/libcr_eabihelpers.a(double.o)
 .ARM.attributes
                0x0000000000000321       0x31 /Applications/lpcxpresso_7.5.0_254/lpcxpresso/tools/bin/../lib/gcc/arm-none-eabi/4.8.4/armv6-m/libcr_eabihelpers.a(float.o)
 .ARM.attributes
                0x0000000000000352       0x21 /Applications/lpcxpresso_7.5.0_254/lpcxpresso/tools/bin/../lib/gcc/arm-none-eabi/4.8.4/armv6-m/libcr_eabihelpers.a(llong.o)
 .ARM.attributes
                0x0000000000000373       0x21 /Applications/lpcxpresso_7.5.0_254/lpcxpresso/tools/bin/../lib/gcc/arm-none-eabi/4.8.4/armv6-m/libcr_eabihelpers.a(memcpy.o)

.debug_frame    0x0000000000000000      0xd10
 .debug_frame   0x0000000000000000       0xd8 ./startup/cr_startup_lpc11.o
 .debug_frame   0x00000000000000d8      0x66c ./src/RF22.o
 .debug_frame   0x0000000000000744       0x8c ./src/led.o
 .debug_frame   0x00000000000007d0       0x8c ./src/m0utils.o
 .debug_frame   0x000000000000085c      0x120 ./src/main.o
 .debug_frame   0x000000000000097c       0x6c ./src/spi.o
 .debug_frame   0x00000000000009e8       0xa8 ./src/trigInput.o
 .debug_frame   0x0000000000000a90      0x10c ./driver/gpio.o
 .debug_frame   0x0000000000000b9c      0x12c ./driver/timer32.o
 .debug_frame   0x0000000000000cc8       0x48 ./cmsis/system_LPC11xx.o

.debug_loc      0x0000000000000000       0x84
 .debug_loc     0x0000000000000000       0x84 ./cmsis/system_LPC11xx.o
